###############################################################################
#
# IAR ANSI C/C++ Compiler V9.70.4.588/W64 for ARM         20/Jun/2026  11:05:36
# Copyright 1999-2026 IAR Systems AB.
#
#    Cpu mode                     =  thumb
#    Endian                       =  little
#    Source file                  =
#        C:\Users\hexin\SimplicityStudio\v6_workspace\btsensor\simplicity_sdk_2025.12.3\platform_core\platform\service\sleeptimer\src\sl_sleeptimer_hal_timer.c
#    Command line                 =
#        -f
#        C:\Users\hexin\SimplicityStudio\v6_workspace\btsensor\ewarm-iar\obj\src_5263265213744700974.dir\sl_sleeptimer_hal_timer.o.rsp
#        (C:\Users\hexin\SimplicityStudio\v6_workspace\btsensor\simplicity_sdk_2025.12.3\platform_core\platform\service\sleeptimer\src\sl_sleeptimer_hal_timer.c
#        -D DEBUG_EFM=1 -D EFM32PG22C200F512IM32=1 -D
#        SL_CODE_COMPONENT_SYSTEM=system -D
#        SL_CODE_COMPONENT_CLOCK_MANAGER=clock_manager -D
#        SL_COMPONENT_CATALOG_PRESENT=1 -D
#        SL_CODE_COMPONENT_DEVICE_PERIPHERAL=device_peripheral -D
#        SL_CODE_COMPONENT_DMADRV=dmadrv -D SL_CODE_COMPONENT_GPIO=gpio -D
#        SL_CODE_COMPONENT_HAL_COMMON=hal_common -D
#        SL_CODE_COMPONENT_HAL_GPIO=hal_gpio -D
#        SL_CODE_COMPONENT_INTERRUPT_MANAGER=interrupt_manager -D
#        CMSIS_NVIC_VIRTUAL=1 -D
#        "CMSIS_NVIC_VIRTUAL_HEADER_FILE=\"cmsis_nvic_virtual.h\"" -D
#        SL_CODE_COMPONENT_POWER_MANAGER=power_manager -D
#        SL_CODE_COMPONENT_CORE=core -D SL_CODE_COMPONENT_SLEEPTIMER=sleeptimer
#        -D SL_CODE_COMPONENT_UARTDRV=uartdrv -lC
#        C:\Users\hexin\SimplicityStudio\v6_workspace\btsensor\ewarm-iar\lst\src_5263265213744700974.dir
#        --diag_suppress Pa050 -o
#        C:\Users\hexin\SimplicityStudio\v6_workspace\btsensor\ewarm-iar\obj\src_5263265213744700974.dir
#        --debug --endian=little --cpu=Cortex-M33 --cmse --cmse --fpu=VFPv5_sp
#        --dlib_config D:\iar\ewarm-9.70.4\arm\inc\c\DLib_Config_Normal.h -I
#        C:\Users\hexin\SimplicityStudio\v6_workspace\btsensor\simplicity_sdk_2025.12.3\platform_core\platform\service\sleeptimer\src\
#        -I C:\Users\hexin\SimplicityStudio\v6_workspace\btsensor\config\ -I
#        C:\Users\hexin\SimplicityStudio\v6_workspace\btsensor\autogen\ -I
#        C:\Users\hexin\SimplicityStudio\v6_workspace\btsensor\.\ -I
#        C:\Users\hexin\SimplicityStudio\v6_workspace\btsensor\simplicity_sdk_2025.12.3\devices\platform\Device\SiliconLabs\EFM32PG22\Include\
#        -I
#        C:\Users\hexin\SimplicityStudio\v6_workspace\btsensor\simplicity_sdk_2025.12.3\platform_common\platform\common\inc\
#        -I
#        C:\Users\hexin\SimplicityStudio\v6_workspace\btsensor\simplicity_sdk_2025.12.3\platform_core\platform\service\clock_manager\inc\
#        -I
#        C:\Users\hexin\SimplicityStudio\v6_workspace\btsensor\simplicity_sdk_2025.12.3\platform_core\platform\service\clock_manager\src\
#        -I
#        C:\Users\hexin\SimplicityStudio\v6_workspace\btsensor\simplicity_sdk_2025.12.3\cmsis\Core\Include\
#        -I
#        C:\Users\hexin\SimplicityStudio\v6_workspace\btsensor\simplicity_sdk_2025.12.3\platform_core\platform\service\device_manager\inc\
#        -I
#        C:\Users\hexin\SimplicityStudio\v6_workspace\btsensor\simplicity_sdk_2025.12.3\platform_core\platform\service\device_init\inc\
#        -I
#        C:\Users\hexin\SimplicityStudio\v6_workspace\btsensor\simplicity_sdk_2025.12.3\platform_core\platform\emdrv\dmadrv\inc\
#        -I
#        C:\Users\hexin\SimplicityStudio\v6_workspace\btsensor\simplicity_sdk_2025.12.3\platform_core\platform\emdrv\dmadrv\inc\s2_signals\
#        -I
#        C:\Users\hexin\SimplicityStudio\v6_workspace\btsensor\simplicity_sdk_2025.12.3\platform_core\platform\emdrv\common\inc\
#        -I
#        C:\Users\hexin\SimplicityStudio\v6_workspace\btsensor\simplicity_sdk_2025.12.3\platform_core\platform\emlib\inc\
#        -I
#        C:\Users\hexin\SimplicityStudio\v6_workspace\btsensor\simplicity_sdk_2025.12.3\platform_core\platform\driver\gpio\inc\
#        -I
#        C:\Users\hexin\SimplicityStudio\v6_workspace\btsensor\simplicity_sdk_2025.12.3\platform_core\platform\peripheral\inc\
#        -I
#        C:\Users\hexin\SimplicityStudio\v6_workspace\btsensor\simplicity_sdk_2025.12.3\platform_core\platform\service\interrupt_manager\inc\
#        -I
#        C:\Users\hexin\SimplicityStudio\v6_workspace\btsensor\simplicity_sdk_2025.12.3\platform_core\platform\service\interrupt_manager\src\
#        -I
#        C:\Users\hexin\SimplicityStudio\v6_workspace\btsensor\simplicity_sdk_2025.12.3\platform_core\platform\service\interrupt_manager\inc\arm\
#        -I
#        C:\Users\hexin\SimplicityStudio\v6_workspace\btsensor\simplicity_sdk_2025.12.3\platform_core\platform\service\memory_manager\inc\
#        -I
#        C:\Users\hexin\SimplicityStudio\v6_workspace\btsensor\simplicity_sdk_2025.12.3\platform_core\platform\service\power_manager\inc\
#        -I
#        C:\Users\hexin\SimplicityStudio\v6_workspace\btsensor\simplicity_sdk_2025.12.3\platform_core\platform\service\power_manager\src\common\
#        -I
#        C:\Users\hexin\SimplicityStudio\v6_workspace\btsensor\simplicity_sdk_2025.12.3\platform_core\platform\service\power_manager\src\sleep_loop\
#        -I
#        C:\Users\hexin\SimplicityStudio\v6_workspace\btsensor\simplicity_sdk_2025.12.3\platform_core\platform\common\inc\
#        -I
#        C:\Users\hexin\SimplicityStudio\v6_workspace\btsensor\simplicity_sdk_2025.12.3\platform_core\platform\service\sl_main\inc\
#        -I
#        C:\Users\hexin\SimplicityStudio\v6_workspace\btsensor\simplicity_sdk_2025.12.3\platform_core\platform\service\sl_main\src\
#        -I
#        C:\Users\hexin\SimplicityStudio\v6_workspace\btsensor\simplicity_sdk_2025.12.3\platform_core\platform\service\sleeptimer\inc\
#        -I
#        C:\Users\hexin\SimplicityStudio\v6_workspace\btsensor\simplicity_sdk_2025.12.3\platform_core\platform\service\sleeptimer\src\
#        -I
#        C:\Users\hexin\SimplicityStudio\v6_workspace\btsensor\simplicity_sdk_2025.12.3\platform_core\platform\emdrv\uartdrv\inc\
#        -I
#        C:\Users\hexin\SimplicityStudio\v6_workspace\btsensor\simplicity_sdk_2025.12.3\platform_core\platform\service\udelay\inc\
#        -Ohz --use_c++_inline -e) --diagnostics_format=sarif_stdout
#        --dependencies=n
#        C:\Users\hexin\SimplicityStudio\v6_workspace\btsensor\ewarm-iar\obj\src_5263265213744700974.dir\sl_sleeptimer_hal_timer.o.iar_deps
#        --dynamic_output
#        C:\Users\hexin\SimplicityStudio\v6_workspace\btsensor\ewarm-iar\obj\src_5263265213744700974.dir\sl_sleeptimer_hal_timer.o.iar_dynout
#    Locale                       =  C
#    List file                    =
#        C:\Users\hexin\SimplicityStudio\v6_workspace\btsensor\ewarm-iar\lst\src_5263265213744700974.dir\sl_sleeptimer_hal_timer.lst
#    Object file                  =
#        C:\Users\hexin\SimplicityStudio\v6_workspace\btsensor\ewarm-iar\obj\src_5263265213744700974.dir\sl_sleeptimer_hal_timer.o
#    Runtime model:                  
#      __CPP_Runtime              =  1
#      __SystemLibrary            =  DLib
#      __dlib_full_locale_support =  0
#      __dlib_version             =  6
#
###############################################################################

C:\Users\hexin\SimplicityStudio\v6_workspace\btsensor\simplicity_sdk_2025.12.3\platform_core\platform\service\sleeptimer\src\sl_sleeptimer_hal_timer.c
      1          /***************************************************************************//**
      2           * @file
      3           * @brief SLEEPTIMER hardware abstraction implementation for TIMER.
      4           *******************************************************************************
      5           * # License
      6           * <b>Copyright 2022 Silicon Laboratories Inc. www.silabs.com</b>
      7           *******************************************************************************
      8           *
      9           * SPDX-License-Identifier: Zlib
     10           *
     11           * The licensor of this software is Silicon Laboratories Inc.
     12           *
     13           * This software is provided 'as-is', without any express or implied
     14           * warranty. In no event will the authors be held liable for any damages
     15           * arising from the use of this software.
     16           *
     17           * Permission is granted to anyone to use this software for any purpose,
     18           * including commercial applications, and to alter it and redistribute it
     19           * freely, subject to the following restrictions:
     20           *
     21           * 1. The origin of this software must not be misrepresented; you must not
     22           *    claim that you wrote the original software. If you use this software
     23           *    in a product, an acknowledgment in the product documentation would be
     24           *    appreciated but is not required.
     25           * 2. Altered source versions must be plainly marked as such, and must not be
     26           *    misrepresented as being the original software.
     27           * 3. This notice may not be removed or altered from any source distribution.
     28           *
     29           ******************************************************************************/
     30          
     31          // Define module name for Power Manager debug feature
     32          #define CURRENT_MODULE_NAME    "SLEEPTIMER_TIMER"
     33          
     34          #include "em_device.h"
     35          #if defined(_SILICON_LABS_32B_SERIES_2)
     36          #include "em_timer.h"
     37          #elif defined(_SILICON_LABS_32B_SERIES_3)
     38          #include "sl_hal_timer.h"
     39          #endif
     40          #include "sl_sleeptimer.h"
     41          #include "sli_sleeptimer_hal.h"
     42          #include "sl_core.h"
     43          #include "sl_clock_manager.h"
     44          #include "sl_interrupt_manager.h"
     45          #include "sl_device_peripheral.h"
     46          
     47          #if defined(SL_CATALOG_POWER_MANAGER_PRESENT)
     48          #include "sl_power_manager.h"
     49          #endif
     50          
     51          #if (SL_SLEEPTIMER_PERIPHERAL == SL_SLEEPTIMER_PERIPHERAL_TIMER)
     52          
     53          // Minimum difference between current count value and what the comparator of the timer can be set to.
     54          // 1 tick is added to the minimum diff for the algorithm of compensation for the IRQ handler that
     55          // triggers when CNT == compare_value + 1. For more details refer to sleeptimer_hal_set_compare() function's header.
     56          #define SLEEPTIMER_COMPARE_MIN_DIFF  (1 + 1)
     57          
     58          // Macros used to constructs TIMER instance
     59          #define _CONCAT_TWO_TOKENS(token_1, token_2)                     token_1 ## token_2
     60          #define _CONCAT_THREE_TOKENS(token_1, token_2, token_3)          token_1 ## token_2 ## token_3
     61          #define CONCAT_TWO_TOKENS(token_1, token_2)                      _CONCAT_TWO_TOKENS(token_1, token_2)
     62          #define CONCAT_THREE_TOKENS(token_1, token_2, token_3)           _CONCAT_THREE_TOKENS(token_1, token_2, token_3)
     63          
     64          #if defined(TIMER_PRESENT)                        \
     65            && (SL_SLEEPTIMER_TIMER_INSTANCE < TIMER_COUNT) \
     66            && (TIMER_CNTWIDTH(SL_SLEEPTIMER_TIMER_INSTANCE) == 0x20)
     67            #define SLEEPTIMER_TIMER_INSTANCE    TIMER(SL_SLEEPTIMER_TIMER_INSTANCE)
     68            #define SLEEPTIMER_TIMER_CHANNEL     0
     69            #define SLEEPTIMER_PERIPHERAL_TIMER  CONCAT_TWO_TOKENS(SL_PERIPHERAL_TIMER, SL_SLEEPTIMER_TIMER_INSTANCE)
     70            #define SLEEPTIMER_TIMER_IRQ         CONCAT_THREE_TOKENS(TIMER, SL_SLEEPTIMER_TIMER_INSTANCE, _IRQn)
     71            #define SLEEPTIMER_TIMER_IRQHandler  CONCAT_THREE_TOKENS(TIMER, SL_SLEEPTIMER_TIMER_INSTANCE, _IRQHandler)
     72            #define SLEEPTIMER_TIMER_IEN_COMPARE TIMER_IEN_CC0
     73            #define SLEEPTIMER_TIMER_CLK         CONCAT_TWO_TOKENS(SL_BUS_CLOCK_TIMER, SL_SLEEPTIMER_TIMER_INSTANCE)
     74            #define SLEEPTIMER_TIMER_TOP_MAX     _TIMER_TOP_MASK
     75            #define SLEEPTIMER_TMR_WIDTH         _TIMER_CNT_MASK
     76          #else
     77            #define TIMER_UNSUPORTED
     78          #endif
     79          
     80          #if defined(TIMER_UNSUPORTED)
     81          #error "The TIMER peripheral instance or channel is not supported. It must be a valid 32-bits size instance."
     82          #endif
     83          
     84          #if defined(_SILICON_LABS_32B_SERIES_2)
     85          #define sleeptimer_hal_timer_get_counter(timer_instance)                        TIMER_CounterGet(timer_instance)
     86          #define sleeptimer_hal_timer_get_compare(timer_instance, channel)               TIMER_CaptureGet(timer_instance, channel)
     87          #define sleeptimer_hal_timer_set_compare(timer_instance, channel, compare)      TIMER_CompareSet(timer_instance, channel, compare)
     88          #define sleeptimer_hal_timer_get_interrupt(timer_instance)                      TIMER_IntGet(timer_instance)
     89          #define sleeptimer_hal_timer_set_interrupt(timer_instance, flags)               TIMER_IntSet(timer_instance, flags)
     90          #define sleeptimer_hal_timer_enable_interrupt(timer_instance, flags)            TIMER_IntEnable(timer_instance, flags)
     91          #define sleeptimer_hal_timer_disable_interrupt(timer_instance, flags)           TIMER_IntDisable(timer_instance, flags)
     92          #define sleeptimer_hal_timer_clear_interrupt(timer_instance, flags)             TIMER_IntClear(timer_instance, flags)
     93          #else
     94          #define sleeptimer_hal_timer_get_counter(timer_instance)                        sl_hal_timer_get_counter(timer_instance)
     95          #define sleeptimer_hal_timer_get_compare(timer_instance, channel)               sl_hal_timer_channel_get_compare(timer_instance, channel)
     96          #define sleeptimer_hal_timer_set_compare(timer_instance, channel, compare)      sl_hal_timer_channel_set_compare(timer_instance, channel, compare)
     97          #define sleeptimer_hal_timer_get_interrupt(timer_instance)                      sl_hal_timer_get_pending_interrupts(timer_instance)
     98          #define sleeptimer_hal_timer_set_interrupt(timer_instance, flags)               sl_hal_timer_set_interrupts(timer_instance, flags)
     99          #define sleeptimer_hal_timer_enable_interrupt(timer_instance, flags)            sl_hal_timer_enable_interrupts(timer_instance, flags)
    100          #define sleeptimer_hal_timer_disable_interrupt(timer_instance, flags)           sl_hal_timer_disable_interrupts(timer_instance, flags)
    101          #define sleeptimer_hal_timer_clear_interrupt(timer_instance, flags)             sl_hal_timer_clear_interrupts(timer_instance, flags)
    102          #endif
    103          
    104          static bool comp_int_disabled = true;
    105          
    106          __STATIC_INLINE uint32_t get_time_diff(uint32_t a,
    107                                                 uint32_t b);
    108          
    109          /******************************************************************************
    110           * Initializes TIMER sleep timer.
    111           *****************************************************************************/
    112          void sleeptimer_hal_init_timer(void)
    113          {
    114            sl_clock_manager_enable_bus_clock(SLEEPTIMER_TIMER_CLK);
    115          
    116          #if defined(_SILICON_LABS_32B_SERIES_2)
    117            TIMER_Init_TypeDef init_config = TIMER_INIT_DEFAULT;
    118            TIMER_InitCC_TypeDef init_config_cc = TIMER_INITCC_DEFAULT;
    119            init_config_cc.mode = timerCCModeCompare;
    120            init_config.prescale = timerPrescale1024;
    121          #if (SL_SLEEPTIMER_DEBUGRUN == 1)
    122            init_config.debugRun = true;
    123          #endif
    124          
    125            TIMER_InitCC(SLEEPTIMER_TIMER_INSTANCE, SLEEPTIMER_TIMER_CHANNEL, &init_config_cc);
    126            TIMER_TopSet(SLEEPTIMER_TIMER_INSTANCE, SLEEPTIMER_TIMER_TOP_MAX);
    127          
    128            TIMER_Init(SLEEPTIMER_TIMER_INSTANCE, &init_config);
    129          #if defined(TIMER_STATUS_SYNCBUSY)
    130            TIMER_SyncWait(SLEEPTIMER_TIMER_INSTANCE);
    131          #endif
    132          
    133            TIMER_IntDisable(SLEEPTIMER_TIMER_INSTANCE, _TIMER_IEN_MASK);
    134            TIMER_IntClear(SLEEPTIMER_TIMER_INSTANCE, _TIMER_IEN_MASK);
    135          
    136            TIMER_CompareSet(SLEEPTIMER_TIMER_INSTANCE, SLEEPTIMER_TIMER_CHANNEL, 0UL);
    137          
    138          #elif defined(_SILICON_LABS_32B_SERIES_3)
    139            sl_hal_timer_config_t init_config = SL_HAL_TIMER_CONFIG_DEFAULT;
    140            sl_hal_timer_channel_config_t init_config_cc = SL_HAL_TIMER_CHANNEL_CONFIG_DEFAULT;
    141            init_config_cc.channel_mode = SL_HAL_TIMER_CHANNEL_MODE_COMPARE;
    142            init_config.prescaler = SL_HAL_TIMER_PRESCALER_DIV1024;
    143          #if (SL_SLEEPTIMER_DEBUGRUN == 1)
    144            init_config.debugRun = true;
    145          #endif
    146          
    147            sl_hal_timer_channel_init(SLEEPTIMER_TIMER_INSTANCE, SLEEPTIMER_TIMER_CHANNEL, &init_config_cc);
    148            sl_hal_timer_init(SLEEPTIMER_TIMER_INSTANCE, &init_config);
    149            sl_hal_timer_disable_interrupts(SLEEPTIMER_TIMER_INSTANCE, _TIMER_IEN_MASK);
    150            sl_hal_timer_clear_interrupts(SLEEPTIMER_TIMER_INSTANCE, _TIMER_IEN_MASK);
    151            sl_hal_timer_enable(SLEEPTIMER_TIMER_INSTANCE);
    152            sl_hal_timer_wait_sync(SLEEPTIMER_TIMER_INSTANCE);
    153            sl_hal_timer_set_top(SLEEPTIMER_TIMER_INSTANCE, SLEEPTIMER_TIMER_TOP_MAX);
    154            sl_hal_timer_channel_set_compare(SLEEPTIMER_TIMER_INSTANCE, SLEEPTIMER_TIMER_CHANNEL, 0UL);
    155            sl_hal_timer_start(SLEEPTIMER_TIMER_INSTANCE);
    156          #endif
    157          
    158            sl_interrupt_manager_clear_irq_pending(SLEEPTIMER_TIMER_IRQ);
    159            sl_interrupt_manager_enable_irq(SLEEPTIMER_TIMER_IRQ);
    160          }
    161          
    162          /******************************************************************************
    163           * Gets TIMER counter value.
    164           *****************************************************************************/
    165          uint32_t sleeptimer_hal_get_counter(void)
    166          {
    167            return sleeptimer_hal_timer_get_counter(SLEEPTIMER_TIMER_INSTANCE);
    168          }
    169          
    170          /******************************************************************************
    171           * Gets TIMER compare value.
    172           *****************************************************************************/
    173          uint32_t sleeptimer_hal_get_compare(void)
    174          {
    175            return sleeptimer_hal_timer_get_compare(SLEEPTIMER_TIMER_INSTANCE, SLEEPTIMER_TIMER_CHANNEL);
    176          }
    177          
    178          /******************************************************************************
    179           * Sets TIMER compare value.
    180           *
    181           * @note Compare match value is set to the requested value - 1. This is done
    182           * to compensate for the fact that the TIMER compare match interrupt always
    183           * triggers at the end of the requested ticks and that the IRQ handler is
    184           * executed when current tick count == compare_value + 1.
    185           *****************************************************************************/
    186          void sleeptimer_hal_set_compare(uint32_t value)
    187          {
    188            CORE_DECLARE_IRQ_STATE;
    189            uint32_t counter;
    190            uint32_t compare;
    191            uint32_t compare_value = value;
    192          
    193            CORE_ENTER_CRITICAL();
    194            counter = sleeptimer_hal_get_counter();
    195            compare = sleeptimer_hal_get_compare();
    196          
    197            if (((sleeptimer_hal_timer_get_interrupt(SLEEPTIMER_TIMER_INSTANCE) & SLEEPTIMER_TIMER_IEN_COMPARE) != 0)
    198                || get_time_diff(compare, counter) > SLEEPTIMER_COMPARE_MIN_DIFF
    199                || compare == counter) {
    200              // Add margin if necessary
    201              if (get_time_diff(compare_value, counter) < SLEEPTIMER_COMPARE_MIN_DIFF) {
    202                compare_value = counter + SLEEPTIMER_COMPARE_MIN_DIFF;
    203              }
    204              compare_value %= SLEEPTIMER_TMR_WIDTH;
    205          
    206              sleeptimer_hal_timer_set_compare(SLEEPTIMER_TIMER_INSTANCE, SLEEPTIMER_TIMER_CHANNEL, compare_value - 1);
    207              sleeptimer_hal_enable_int(SLEEPTIMER_EVENT_COMP);
    208              comp_int_disabled = false;
    209            }
    210            CORE_EXIT_CRITICAL();
    211          }
    212          
    213          /******************************************************************************
    214           * Enables TIMER interrupts.
    215           *****************************************************************************/
    216          void sleeptimer_hal_enable_int(uint8_t local_flag)
    217          {
    218            uint32_t timer_ien = 0UL;
    219          
    220            if (local_flag & SLEEPTIMER_EVENT_OF) {
    221              timer_ien |= TIMER_IEN_OF;
    222            }
    223          
    224            if (local_flag & SLEEPTIMER_EVENT_COMP) {
    225              if (comp_int_disabled == true) {
    226                sleeptimer_hal_timer_clear_interrupt(SLEEPTIMER_TIMER_INSTANCE, SLEEPTIMER_TIMER_IEN_COMPARE);
    227                comp_int_disabled = false;
    228              }
    229              timer_ien |= SLEEPTIMER_TIMER_IEN_COMPARE;
    230            }
    231          
    232            sleeptimer_hal_timer_enable_interrupt(SLEEPTIMER_TIMER_INSTANCE, timer_ien);
    233          }
    234          
    235          /******************************************************************************
    236           * Disables TIMER interrupts.
    237           *****************************************************************************/
    238          void sleeptimer_hal_disable_int(uint8_t local_flag)
    239          {
    240            uint32_t timer_int_dis = 0UL;
    241          
    242            if (local_flag & SLEEPTIMER_EVENT_OF) {
    243              timer_int_dis |= TIMER_IEN_OF;
    244            }
    245          
    246            if (local_flag & SLEEPTIMER_EVENT_COMP) {
    247              timer_int_dis |= SLEEPTIMER_TIMER_IEN_COMPARE;
    248          
    249              comp_int_disabled = true;
    250            }
    251          
    252            sleeptimer_hal_timer_disable_interrupt(SLEEPTIMER_TIMER_INSTANCE, timer_int_dis);
    253          }
    254          
    255          /*******************************************************************************
    256           * Hardware Abstraction Layer to set timer interrupts.
    257           ******************************************************************************/
    258          void sleeptimer_hal_set_int(uint8_t local_flag)
    259          {
    260            if (local_flag & SLEEPTIMER_EVENT_COMP) {
    261              sleeptimer_hal_timer_set_interrupt(SLEEPTIMER_TIMER_INSTANCE, SLEEPTIMER_TIMER_IEN_COMPARE);
    262            }
    263          }
    264          
    265          /******************************************************************************
    266           * Gets status of specified interrupt.
    267           *
    268           * Note: This function must be called with interrupts disabled.
    269           *****************************************************************************/
    270          bool sli_sleeptimer_hal_is_int_status_set(uint8_t local_flag)
    271          {
    272            bool int_is_set = false;
    273            uint32_t irq_flag = sleeptimer_hal_timer_get_interrupt(SLEEPTIMER_TIMER_INSTANCE);
    274          
    275            switch (local_flag) {
    276              case SLEEPTIMER_EVENT_COMP:
    277                int_is_set = ((irq_flag & SLEEPTIMER_TIMER_IEN_COMPARE) == SLEEPTIMER_TIMER_IEN_COMPARE);
    278                break;
    279          
    280              case SLEEPTIMER_EVENT_OF:
    281                int_is_set = ((irq_flag & TIMER_IEN_OF) == TIMER_IEN_OF);
    282                break;
    283          
    284              default:
    285                break;
    286            }
    287          
    288            return int_is_set;
    289          }
    290          
    291          /*******************************************************************************
    292           * TIMER interrupt handler.
    293           ******************************************************************************/
    294          void SLEEPTIMER_TIMER_IRQHandler(void)
    295          {
    296            CORE_DECLARE_IRQ_STATE;
    297            uint8_t local_flag = 0;
    298            uint32_t irq_flag;
    299          
    300            CORE_ENTER_ATOMIC();
    301            irq_flag = sleeptimer_hal_timer_get_interrupt(SLEEPTIMER_TIMER_INSTANCE);
    302          
    303            if (irq_flag & TIMER_IEN_OF) {
    304              local_flag |= SLEEPTIMER_EVENT_OF;
    305            }
    306          
    307            if (irq_flag & SLEEPTIMER_TIMER_IEN_COMPARE) {
    308              local_flag |= SLEEPTIMER_EVENT_COMP;
    309            }
    310            sleeptimer_hal_timer_clear_interrupt(SLEEPTIMER_TIMER_INSTANCE, irq_flag & (TIMER_IEN_OF | SLEEPTIMER_TIMER_IEN_COMPARE));
    311          
    312            process_timer_irq(local_flag);
    313          
    314            CORE_EXIT_ATOMIC();
    315          }
    316          
    317          /*******************************************************************************
    318           * Gets TIMER timer frequency.
    319           ******************************************************************************/
    320          uint32_t sleeptimer_hal_get_timer_frequency(void)
    321          {
    322            // Returns source frequency divided by max prescaler value 1024.
    323            uint32_t freq;
    324            sl_clock_branch_t clock_branch;
    325          
    326            clock_branch = sl_device_peripheral_get_clock_branch(SLEEPTIMER_PERIPHERAL_TIMER);
    327            sl_clock_manager_get_clock_branch_frequency(clock_branch, &freq);
    328            return (freq >> 10UL);
    329          }
    330          
    331          /*******************************************************************************
    332           * Computes difference between two times taking into account timer wrap-around.
    333           *
    334           * @param a Time.
    335           * @param b Time to substract from a.
    336           *
    337           * @return Time difference.
    338           ******************************************************************************/
    339          __STATIC_INLINE uint32_t get_time_diff(uint32_t a,
    340                                                 uint32_t b)
    341          {
    342            return (a - b);
    343          }
    344          
    345          /*******************************************************************************
    346           * @brief
    347           *   Gets the precision (in PPM) of the sleeptimer's clock.
    348           *
    349           * @return
    350           *   Clock accuracy, in PPM.
    351           *
    352           ******************************************************************************/
    353          uint16_t sleeptimer_hal_get_clock_accuracy(void)
    354          {
    355            uint16_t precision;
    356            sl_clock_manager_get_clock_branch_precision(SL_CLOCK_BRANCH_EM01GRPACLK, &precision);
    357            return precision;
    358          }
    359          
    360          /*******************************************************************************
    361           * Hardware Abstraction Layer to get the capture channel value.
    362           *
    363           * @return Capture value.
    364           ******************************************************************************/
    365          uint32_t sleeptimer_hal_get_capture(void)
    366          {
    367            // Invalid for TIMER peripheral
    368            EFM_ASSERT(0);
    369            return 0;
    370          }
    371          
    372          /*******************************************************************************
    373           * Hardware Abstraction Layer to reset PRS signal triggered by the associated
    374           * peripheral.
    375           ******************************************************************************/
    376          void sleeptimer_hal_reset_prs_signal(void)
    377          {
    378            // Invalid for TIMER peripheral
    379            EFM_ASSERT(0);
    380          }
    381          
    382          /***************************************************************************//**
    383           * Set lowest energy mode based on a project's configurations and clock source
    384           *
    385           * @note Lowest possible energy mode for TIMER peripheral is EM1.
    386           ******************************************************************************/
    387          #if defined(SL_CATALOG_POWER_MANAGER_PRESENT)
    388          void sli_sleeptimer_set_pm_em_requirement(void)
    389          {
    390            sl_power_manager_add_em_requirement(SL_POWER_MANAGER_EM1);
    391          }
    392          #endif
    393          #endif


 
 
 0 bytes of memory

Errors: none
Warnings: none
