###############################################################################
#
# IAR ELF Linker V9.70.4.588/W64 for ARM                  30/Jun/2026  17:26:28
# Copyright 2007-2026 IAR Systems AB.
#
#    Output file                  =
#        C:\Users\JunyiHuang\SimplicityStudio\v6_workspace\btsensor\ewarm-iar\exe\btsensor.out
#    Map file                     =
#        C:\Users\JunyiHuang\SimplicityStudio\v6_workspace\btsensor\ewarm-iar\lst\btsensor.map
#    Import CMSE library file out =
#        C:\Users\JunyiHuang\SimplicityStudio\v6_workspace\btsensor\ewarm-iar\exe\btsensor_import_lib.o
#    Command line                 =
#        -f
#        C:\Users\JunyiHuang\SimplicityStudio\v6_workspace\btsensor\ewarm-iar\exe\btsensor.out.rsp
#        (C:\Users\JunyiHuang\SimplicityStudio\v6_workspace\btsensor\ewarm-iar\obj\adc.o
#        "C:\Users\JunyiHuang\SimplicityStudio\v6_workspace\btsensor\ewarm-iar\obj\Simplicity
#        Configurator_13668623889914588608.dir\app.o"
#        C:\Users\JunyiHuang\SimplicityStudio\v6_workspace\btsensor\ewarm-iar\obj\comm.o
#        C:\Users\JunyiHuang\SimplicityStudio\v6_workspace\btsensor\ewarm-iar\obj\config.o
#        C:\Users\JunyiHuang\SimplicityStudio\v6_workspace\btsensor\ewarm-iar\obj\crc.o
#        C:\Users\JunyiHuang\SimplicityStudio\v6_workspace\btsensor\ewarm-iar\obj\src_8825142927511774639.dir\em_burtc.o
#        C:\Users\JunyiHuang\SimplicityStudio\v6_workspace\btsensor\ewarm-iar\obj\src_8825142927511774639.dir\em_cmu.o
#        C:\Users\JunyiHuang\SimplicityStudio\v6_workspace\btsensor\ewarm-iar\obj\src_8825142927511774639.dir\em_emu.o
#        C:\Users\JunyiHuang\SimplicityStudio\v6_workspace\btsensor\ewarm-iar\obj\src_8825142927511774639.dir\em_eusart.o
#        C:\Users\JunyiHuang\SimplicityStudio\v6_workspace\btsensor\ewarm-iar\obj\src_8825142927511774639.dir\em_gpio.o
#        C:\Users\JunyiHuang\SimplicityStudio\v6_workspace\btsensor\ewarm-iar\obj\src_8825142927511774639.dir\em_i2c.o
#        C:\Users\JunyiHuang\SimplicityStudio\v6_workspace\btsensor\ewarm-iar\obj\src_8825142927511774639.dir\em_iadc.o
#        C:\Users\JunyiHuang\SimplicityStudio\v6_workspace\btsensor\ewarm-iar\obj\src_8825142927511774639.dir\em_msc.o
#        C:\Users\JunyiHuang\SimplicityStudio\v6_workspace\btsensor\ewarm-iar\obj\src_8825142927511774639.dir\em_rtcc.o
#        C:\Users\JunyiHuang\SimplicityStudio\v6_workspace\btsensor\ewarm-iar\obj\src_8825142927511774639.dir\em_system.o
#        C:\Users\JunyiHuang\SimplicityStudio\v6_workspace\btsensor\ewarm-iar\obj\src_8825142927511774639.dir\em_timer.o
#        C:\Users\JunyiHuang\SimplicityStudio\v6_workspace\btsensor\ewarm-iar\obj\src_8825142927511774639.dir\em_usart.o
#        C:\Users\JunyiHuang\SimplicityStudio\v6_workspace\btsensor\ewarm-iar\obj\env.o
#        "C:\Users\JunyiHuang\SimplicityStudio\v6_workspace\btsensor\ewarm-iar\obj\Simplicity
#        Configurator_13668623889914588608.dir\main.o"
#        C:\Users\JunyiHuang\SimplicityStudio\v6_workspace\btsensor\ewarm-iar\obj\src_16550513276957216125.dir\nvm3.o
#        C:\Users\JunyiHuang\SimplicityStudio\v6_workspace\btsensor\ewarm-iar\obj\src_16550513276957216125.dir\nvm3_cache.o
#        C:\Users\JunyiHuang\SimplicityStudio\v6_workspace\btsensor\ewarm-iar\obj\src_16550513276957216125.dir\nvm3_default_common_linker.o
#        C:\Users\JunyiHuang\SimplicityStudio\v6_workspace\btsensor\ewarm-iar\obj\src_16550513276957216125.dir\nvm3_hal_flash.o
#        C:\Users\JunyiHuang\SimplicityStudio\v6_workspace\btsensor\ewarm-iar\obj\src_16550513276957216125.dir\nvm3_lock.o
#        C:\Users\JunyiHuang\SimplicityStudio\v6_workspace\btsensor\ewarm-iar\obj\src_16550513276957216125.dir\nvm3_object.o
#        C:\Users\JunyiHuang\SimplicityStudio\v6_workspace\btsensor\ewarm-iar\obj\src_16550513276957216125.dir\nvm3_page.o
#        C:\Users\JunyiHuang\SimplicityStudio\v6_workspace\btsensor\ewarm-iar\obj\src_16550513276957216125.dir\nvm3_utils.o
#        C:\Users\JunyiHuang\SimplicityStudio\v6_workspace\btsensor\ewarm-iar\obj\src_3610921774255391873.dir\sl_assert.o
#        C:\Users\JunyiHuang\SimplicityStudio\v6_workspace\btsensor\ewarm-iar\obj\src_3271511436674296820.dir\sl_clock_manager.o
#        C:\Users\JunyiHuang\SimplicityStudio\v6_workspace\btsensor\ewarm-iar\obj\src_3271511436674296820.dir\sl_clock_manager_hal_s2.o
#        C:\Users\JunyiHuang\SimplicityStudio\v6_workspace\btsensor\ewarm-iar\obj\src_3271511436674296820.dir\sl_clock_manager_init.o
#        C:\Users\JunyiHuang\SimplicityStudio\v6_workspace\btsensor\ewarm-iar\obj\src_3271511436674296820.dir\sl_clock_manager_init_hal_s2.o
#        C:\Users\JunyiHuang\SimplicityStudio\v6_workspace\btsensor\ewarm-iar\obj\src_3610921774255391873.dir\sl_core_cortexm.o
#        C:\Users\JunyiHuang\SimplicityStudio\v6_workspace\btsensor\ewarm-iar\obj\src_12704921767143345752.dir\sl_device_clock.o
#        C:\Users\JunyiHuang\SimplicityStudio\v6_workspace\btsensor\ewarm-iar\obj\clocks_17057976963479099201.dir\sl_device_clock_efr32xg22.o
#        C:\Users\JunyiHuang\SimplicityStudio\v6_workspace\btsensor\ewarm-iar\obj\src_12704921767143345752.dir\sl_device_dma.o
#        C:\Users\JunyiHuang\SimplicityStudio\v6_workspace\btsensor\ewarm-iar\obj\dma_12775181457253049652.dir\sl_device_dma_s2.o
#        C:\Users\JunyiHuang\SimplicityStudio\v6_workspace\btsensor\ewarm-iar\obj\src_12704921767143345752.dir\sl_device_gpio.o
#        C:\Users\JunyiHuang\SimplicityStudio\v6_workspace\btsensor\ewarm-iar\obj\src_12476918676681711256.dir\sl_device_init_dcdc_s2.o
#        C:\Users\JunyiHuang\SimplicityStudio\v6_workspace\btsensor\ewarm-iar\obj\src_12704921767143345752.dir\sl_device_peripheral.o
#        C:\Users\JunyiHuang\SimplicityStudio\v6_workspace\btsensor\ewarm-iar\obj\devices_15697687129864739245.dir\sl_device_peripheral_hal_efr32xg22.o
#        C:\Users\JunyiHuang\SimplicityStudio\v6_workspace\btsensor\ewarm-iar\obj\src_9365526667153887636.dir\sl_dma_channel.o
#        C:\Users\JunyiHuang\SimplicityStudio\v6_workspace\btsensor\ewarm-iar\obj\src_9365526667153887636.dir\sl_dma_descriptor_allocator.o
#        C:\Users\JunyiHuang\SimplicityStudio\v6_workspace\btsensor\ewarm-iar\obj\src_1442740067370495051.dir\sl_dma_manager.o
#        C:\Users\JunyiHuang\SimplicityStudio\v6_workspace\btsensor\ewarm-iar\obj\src_1442740067370495051.dir\sl_dma_manager_hal_ldma.o
#        C:\Users\JunyiHuang\SimplicityStudio\v6_workspace\btsensor\ewarm-iar\obj\autogen_4637248165280573407.dir\sl_dma_manager_instances.o
#        C:\Users\JunyiHuang\SimplicityStudio\v6_workspace\btsensor\ewarm-iar\obj\autogen_4637248165280573407.dir\sl_event_handler.o
#        C:\Users\JunyiHuang\SimplicityStudio\v6_workspace\btsensor\ewarm-iar\obj\src_4092573262637242981.dir\sl_gpio.o
#        C:\Users\JunyiHuang\SimplicityStudio\v6_workspace\btsensor\ewarm-iar\obj\src_14190545362676408484.dir\sl_hal_eusart.o
#        C:\Users\JunyiHuang\SimplicityStudio\v6_workspace\btsensor\ewarm-iar\obj\src_14190545362676408484.dir\sl_hal_gpcrc.o
#        C:\Users\JunyiHuang\SimplicityStudio\v6_workspace\btsensor\ewarm-iar\obj\src_14190545362676408484.dir\sl_hal_gpio.o
#        C:\Users\JunyiHuang\SimplicityStudio\v6_workspace\btsensor\ewarm-iar\obj\autogen_4637248165280573407.dir\sl_hal_gpio_simple_init.o
#        C:\Users\JunyiHuang\SimplicityStudio\v6_workspace\btsensor\ewarm-iar\obj\src_14190545362676408484.dir\sl_hal_i2c.o
#        C:\Users\JunyiHuang\SimplicityStudio\v6_workspace\btsensor\ewarm-iar\obj\src_14190545362676408484.dir\sl_hal_iadc.o
#        C:\Users\JunyiHuang\SimplicityStudio\v6_workspace\btsensor\ewarm-iar\obj\src_14190545362676408484.dir\sl_hal_ldma.o
#        C:\Users\JunyiHuang\SimplicityStudio\v6_workspace\btsensor\ewarm-iar\obj\src_14190545362676408484.dir\sl_hal_letimer.o
#        C:\Users\JunyiHuang\SimplicityStudio\v6_workspace\btsensor\ewarm-iar\obj\src_14190545362676408484.dir\sl_hal_prs.o
#        C:\Users\JunyiHuang\SimplicityStudio\v6_workspace\btsensor\ewarm-iar\obj\src_14190545362676408484.dir\sl_hal_syscfg.o
#        C:\Users\JunyiHuang\SimplicityStudio\v6_workspace\btsensor\ewarm-iar\obj\src_14190545362676408484.dir\sl_hal_system.o
#        C:\Users\JunyiHuang\SimplicityStudio\v6_workspace\btsensor\ewarm-iar\obj\src_11924027806930328454.dir\sl_i2c.o
#        C:\Users\JunyiHuang\SimplicityStudio\v6_workspace\btsensor\ewarm-iar\obj\src_723537623940537296.dir\sl_i2cspm.o
#        C:\Users\JunyiHuang\SimplicityStudio\v6_workspace\btsensor\ewarm-iar\obj\autogen_4637248165280573407.dir\sl_i2cspm_init.o
#        C:\Users\JunyiHuang\SimplicityStudio\v6_workspace\btsensor\ewarm-iar\obj\src_12080466581921778986.dir\sl_interrupt_manager_cortexm.o
#        C:\Users\JunyiHuang\SimplicityStudio\v6_workspace\btsensor\ewarm-iar\obj\src_1300024928006847153.dir\sl_iostream.o
#        C:\Users\JunyiHuang\SimplicityStudio\v6_workspace\btsensor\ewarm-iar\obj\src_1300024928006847153.dir\sl_iostream_dmadrv.o
#        C:\Users\JunyiHuang\SimplicityStudio\v6_workspace\btsensor\ewarm-iar\obj\src_1300024928006847153.dir\sl_iostream_eusart.o
#        C:\Users\JunyiHuang\SimplicityStudio\v6_workspace\btsensor\ewarm-iar\obj\autogen_4637248165280573407.dir\sl_iostream_handles.o
#        C:\Users\JunyiHuang\SimplicityStudio\v6_workspace\btsensor\ewarm-iar\obj\autogen_4637248165280573407.dir\sl_iostream_init_eusart_instances.o
#        C:\Users\JunyiHuang\SimplicityStudio\v6_workspace\btsensor\ewarm-iar\obj\src_1300024928006847153.dir\sl_iostream_uart.o
#        C:\Users\JunyiHuang\SimplicityStudio\v6_workspace\btsensor\ewarm-iar\obj\src_943981968147738043.dir\sl_main_init.o
#        C:\Users\JunyiHuang\SimplicityStudio\v6_workspace\btsensor\ewarm-iar\obj\src_943981968147738043.dir\sl_main_init_memory.o
#        C:\Users\JunyiHuang\SimplicityStudio\v6_workspace\btsensor\ewarm-iar\obj\src_943981968147738043.dir\sl_main_process_action.o
#        C:\Users\JunyiHuang\SimplicityStudio\v6_workspace\btsensor\ewarm-iar\obj\src_3805666523351537575.dir\sl_memory_manager.o
#        C:\Users\JunyiHuang\SimplicityStudio\v6_workspace\btsensor\ewarm-iar\obj\src_3805666523351537575.dir\sl_memory_manager_dynamic_reservation.o
#        C:\Users\JunyiHuang\SimplicityStudio\v6_workspace\btsensor\ewarm-iar\obj\src_3805666523351537575.dir\sl_memory_manager_pool.o
#        C:\Users\JunyiHuang\SimplicityStudio\v6_workspace\btsensor\ewarm-iar\obj\src_3805666523351537575.dir\sl_memory_manager_pool_common.o
#        C:\Users\JunyiHuang\SimplicityStudio\v6_workspace\btsensor\ewarm-iar\obj\src_3805666523351537575.dir\sl_memory_manager_region.o
#        C:\Users\JunyiHuang\SimplicityStudio\v6_workspace\btsensor\ewarm-iar\obj\src_3805666523351537575.dir\sl_memory_manager_retarget.o
#        C:\Users\JunyiHuang\SimplicityStudio\v6_workspace\btsensor\ewarm-iar\obj\sleep_loop_17362038477303012698.dir\sl_power_manager.o
#        C:\Users\JunyiHuang\SimplicityStudio\v6_workspace\btsensor\ewarm-iar\obj\common_8772316303540072548.dir\sl_power_manager_common.o
#        C:\Users\JunyiHuang\SimplicityStudio\v6_workspace\btsensor\ewarm-iar\obj\sleep_loop_17362038477303012698.dir\sl_power_manager_debug.o
#        C:\Users\JunyiHuang\SimplicityStudio\v6_workspace\btsensor\ewarm-iar\obj\common_8772316303540072548.dir\sl_power_manager_em4.o
#        C:\Users\JunyiHuang\SimplicityStudio\v6_workspace\btsensor\ewarm-iar\obj\sleep_loop_17362038477303012698.dir\sl_power_manager_hal_s2.o
#        C:\Users\JunyiHuang\SimplicityStudio\v6_workspace\btsensor\ewarm-iar\obj\autogen_4637248165280573407.dir\sl_power_manager_handler.o
#        C:\Users\JunyiHuang\SimplicityStudio\v6_workspace\btsensor\ewarm-iar\obj\src_11444351278465186780.dir\sl_sleeptimer.o
#        C:\Users\JunyiHuang\SimplicityStudio\v6_workspace\btsensor\ewarm-iar\obj\src_11444351278465186780.dir\sl_sleeptimer_hal_burtc.o
#        C:\Users\JunyiHuang\SimplicityStudio\v6_workspace\btsensor\ewarm-iar\obj\src_11444351278465186780.dir\sl_sleeptimer_hal_rtcc.o
#        C:\Users\JunyiHuang\SimplicityStudio\v6_workspace\btsensor\ewarm-iar\obj\src_11444351278465186780.dir\sl_sleeptimer_hal_timer.o
#        C:\Users\JunyiHuang\SimplicityStudio\v6_workspace\btsensor\ewarm-iar\obj\src_3610921774255391873.dir\sl_slist.o
#        C:\Users\JunyiHuang\SimplicityStudio\v6_workspace\btsensor\ewarm-iar\obj\autogen_4637248165280573407.dir\sl_spidrv_init.o
#        C:\Users\JunyiHuang\SimplicityStudio\v6_workspace\btsensor\ewarm-iar\obj\src_3610921774255391873.dir\sl_string.o
#        C:\Users\JunyiHuang\SimplicityStudio\v6_workspace\btsensor\ewarm-iar\obj\src_12471876197766715931.dir\sl_udelay.o
#        C:\Users\JunyiHuang\SimplicityStudio\v6_workspace\btsensor\ewarm-iar\obj\src_12471876197766715931.dir\sl_udelay_armv6m_iar.o
#        C:\Users\JunyiHuang\SimplicityStudio\v6_workspace\btsensor\ewarm-iar\obj\src_3805666523351537575.dir\sli_memory_manager_common.o
#        C:\Users\JunyiHuang\SimplicityStudio\v6_workspace\btsensor\ewarm-iar\obj\src_285091580903799999.dir\spidrv.o
#        C:\Users\JunyiHuang\SimplicityStudio\v6_workspace\btsensor\ewarm-iar\obj\Source_1284957418446755893.dir\startup_efm32pg22.o
#        C:\Users\JunyiHuang\SimplicityStudio\v6_workspace\btsensor\ewarm-iar\obj\Source_1284957418446755893.dir\system_efm32pg22.o
#        C:\Users\JunyiHuang\SimplicityStudio\v6_workspace\btsensor\ewarm-iar\obj\tasks.o
#        C:\Users\JunyiHuang\SimplicityStudio\v6_workspace\btsensor\ewarm-iar\obj\src_6603155134503530573.dir\tempdrv.o
#        C:\Users\JunyiHuang\SimplicityStudio\v6_workspace\btsensor\ewarm-iar\obj\timer.o
#        C:\Users\JunyiHuang\SimplicityStudio\v6_workspace\btsensor\ewarm-iar\obj\tmp1075.o
#        C:\Users\JunyiHuang\SimplicityStudio\v6_workspace\btsensor\ewarm-iar\obj\tpl0501.o
#        C:\Users\JunyiHuang\SimplicityStudio\v6_workspace\btsensor\ewarm-iar\obj\uart.o
#        --no_out_extension -o
#        C:\Users\JunyiHuang\SimplicityStudio\v6_workspace\btsensor\ewarm-iar\exe\btsensor.out
#        --map
#        C:\Users\JunyiHuang\SimplicityStudio\v6_workspace\btsensor\ewarm-iar\lst\btsensor.map
#        --log initialization,modules,sections,veneers --log_file
#        C:\Users\JunyiHuang\SimplicityStudio\v6_workspace\btsensor\ewarm-iar\lst\btsensor.log
#        --config
#        C:\Users\JunyiHuang\SimplicityStudio\v6_workspace\btsensor\autogen\linkerfile.icf
#        --diag_suppress Lp012 --entry __iar_program_start --no_vfe --text_out
#        locale --import_cmse_lib_out
#        C:\Users\JunyiHuang\SimplicityStudio\v6_workspace\btsensor\ewarm-iar\exe\btsensor_import_lib.o
#        --cpu=Cortex-M33 --fpu=VFPv5_sp) --diagnostics_format=sarif_stdout
#        --dependencies=n
#        C:\Users\JunyiHuang\SimplicityStudio\v6_workspace\btsensor\ewarm-iar\exe\btsensor.out.iar_deps
#        --dynamic_output
#        C:\Users\JunyiHuang\SimplicityStudio\v6_workspace\btsensor\ewarm-iar\exe\btsensor.out.iar_dynout
#
###############################################################################

*******************************************************************************
*** RUNTIME MODEL ATTRIBUTES
***

CppFlavor       = *
__CPP_Runtime   = 1
__SystemLibrary = DLib
__dlib_version  = 6


*******************************************************************************
*** HEAP SELECTION
***

The basic heap was selected because --advanced_heap
was not specified and the application did not appear to
be primarily optimized for speed.


*******************************************************************************
*** PLACEMENT SUMMARY
***

define block application with fixed order {  ro section .intvec,  ro };
define block text_application_ram_init
   with alignment = 8 {  ro code section text_application_ram_init };
define block text_ram_init
   with alignment = 8 {  block text_application_ram_init };
"application":
       place at start of [from 0x0 to 0x7'dfff] {
           block application,  block text_ram_init };
define block storage with alignment = 8K {  section INTERNAL_STORAGE };
define block nvm with alignment = 8K {  section SIMEE };
"storage_regions":
       place at end of [from 0x0 to 0x7'dfff] {  block storage,  block nvm };
define block CSTACK with alignment = 8 {  section .stack };
define block application_ram with fixed order {  block CSTACK,  rw };
"application_ram":
       place at start of [from 0x2000'0000 to 0x2000'7fff] {
           block application_ram };
define block text_application_ram
   with alignment = 8 {  rw code section text_application_ram };
define block text_ram
   with fixed order, alignment = 8 {  block text_application_ram };
"ram_code":
       place in [from 0x2000'0000 to 0x2000'7fff] {  block text_ram };
define block MEMORY_MANAGER_HEAP
   with expanding size, alignment = 8 {  section .memory_manager_heap };
define block application_heap with fixed order {  block MEMORY_MANAGER_HEAP };
"application_heap":
       place in [from 0x2000'0000 to 0x2000'7fff] {  block application_heap };
do not initialize {
    section .noinit,  section .stack,  section .memory_manager_heap };
initialize manually with packing = none {  ro section text_application_ram };
initialize by copy {  rw };
keep {  section .intvec };

No sections matched the following patterns:

  section .memory_manager_heap  in block MEMORY_MANAGER_HEAP
  section INTERNAL_STORAGE      in block storage


  Section                 Kind         Address  Alignment    Size  Object
  -------                 ----         -------  ---------    ----  ------
"application":                                             0xd15c
  application                              0x0             0xcf92  <Block>
    .intvec               const            0x0        512   0x140  startup_efm32pg22.o [3]
    CODE                  ro code        0x140         16     0x8  sl_udelay_armv6m_iar.o [13]
    .rodata               const          0x148          4    0x28  adc.o [1]
    .rodata               const          0x170          4   0x290  em_cmu.o [27]
    .rodata               const          0x400          4    0x80  em_emu.o [27]
    .rodata               const          0x480          4    0x80  em_eusart.o [27]
    .rodata               const          0x500          4    0x80  em_gpio.o [27]
    .rodata               const          0x580          4    0x80  em_gpio.o [27]
    .rodata               const          0x600          4    0x80  em_gpio.o [27]
    .rodata               const          0x680          4    0x80  em_iadc.o [27]
    .rodata               const          0x700          4    0x80  em_msc.o [27]
    .rodata               const          0x780          4    0x80  em_rtcc.o [27]
    .rodata               const          0x800          4    0x80  em_usart.o [27]
    .rodata               const          0x880          4    0x1c  nvm3_hal_flash.o [19]
    .rodata               const          0x89c          4     0x4  nvm3_lock.o [19]
    .rodata               const          0x8a0          4    0x80  sl_clock_manager_hal_s2.o [21]
    .rodata               const          0x920          4    0xa4  sl_clock_manager_init_hal_s2.o [21]
    .rodata               const          0x9c4          4     0x4  sl_device_clock_efr32xg22.o [5]
    .rodata               const          0x9c8          4     0x4  sl_device_clock_efr32xg22.o [5]
    .rodata               const          0x9cc          4     0x4  sl_device_clock_efr32xg22.o [5]
    .rodata               const          0x9d0          4     0x4  sl_device_clock_efr32xg22.o [5]
    .rodata               const          0x9d4          4     0x4  sl_device_clock_efr32xg22.o [5]
    .rodata               const          0x9d8          4     0x4  sl_device_clock_efr32xg22.o [5]
    .rodata               const          0x9dc          4     0x4  sl_device_clock_efr32xg22.o [5]
    .rodata               const          0x9e0          4     0x4  sl_device_clock_efr32xg22.o [5]
    .rodata               const          0x9e4          4     0x4  sl_device_clock_efr32xg22.o [5]
    .rodata               const          0x9e8          4     0x4  sl_device_clock_efr32xg22.o [5]
    .rodata               const          0x9ec          4     0x4  sl_device_clock_efr32xg22.o [5]
    .rodata               const          0x9f0          4     0x4  sl_device_dma_s2.o [8]
    .rodata               const          0x9f4          4     0x4  sl_device_dma_s2.o [8]
    .rodata               const          0x9f8          4     0x4  sl_device_dma_s2.o [8]
    .rodata               const          0x9fc          4     0x4  sl_device_dma_s2.o [8]
    .rodata               const          0xa00          4     0x4  sl_device_dma_s2.o [8]
    .rodata               const          0xa04          4     0x4  sl_device_dma_s2.o [8]
    .rodata               const          0xa08          4     0x4  sl_device_dma_s2.o [8]
    .rodata               const          0xa0c          4     0x4  sl_device_dma_s2.o [8]
    .rodata               const          0xa10          4     0x4  sl_device_dma_s2.o [8]
    .rodata               const          0xa14          4     0x4  sl_device_dma_s2.o [8]
    .rodata               const          0xa18          4     0x4  sl_device_dma_s2.o [8]
    .rodata               const          0xa1c          4     0x4  sl_device_dma_s2.o [8]
    .rodata               const          0xa20          4     0x4  sl_device_dma_s2.o [8]
    .rodata               const          0xa24          4     0x4  sl_device_dma_s2.o [8]
    .rodata               const          0xa28          4     0x4  sl_device_dma_s2.o [8]
    .rodata               const          0xa2c          4     0x4  sl_device_dma_s2.o [8]
    .rodata               const          0xa30          4     0x4  sl_device_dma_s2.o [8]
    .rodata               const          0xa34          4     0x4  sl_device_dma_s2.o [8]
    .rodata               const          0xa38          4    0x14  sl_device_peripheral_hal_efr32xg22.o [7]
    .rodata               const          0xa4c          4    0x14  sl_device_peripheral_hal_efr32xg22.o [7]
    .rodata               const          0xa60          4    0x14  sl_device_peripheral_hal_efr32xg22.o [7]
    .rodata               const          0xa74          4    0x14  sl_device_peripheral_hal_efr32xg22.o [7]
    .rodata               const          0xa88          4     0xc  sl_device_peripheral_hal_efr32xg22.o [7]
    .rodata               const          0xa94          4    0x20  sl_device_peripheral_hal_efr32xg22.o [7]
    .rodata               const          0xab4          4    0x20  sl_device_peripheral_hal_efr32xg22.o [7]
    .rodata               const          0xad4          4    0x18  sl_device_peripheral_hal_efr32xg22.o [7]
    .rodata               const          0xaec          4   0x11c  sl_dma_channel.o [28]
    .rodata               const          0xc08          4    0xa0  sl_dma_descriptor_allocator.o [28]
    .rodata               const          0xca8          4    0x94  sl_dma_manager.o [18]
    .rodata               const          0xd3c          4   0x10c  sl_gpio.o [24]
    .rodata               const          0xe48          4   0x110  sl_hal_gpio.o [17]
    .rodata               const          0xf58          4   0x110  sl_hal_i2c.o [17]
    .rodata               const         0x1068          4   0x110  sl_hal_ldma.o [17]
    .rodata               const         0x1178          4   0x118  sl_hal_letimer.o [17]
    .rodata               const         0x1290          4    0x88  sl_i2c.o [11]
    .rodata               const         0x1318          4    0x88  sl_i2c.o [11]
    .rodata               const         0x13a0          4    0x88  sl_i2cspm.o [26]
    .rodata               const         0x1428          4    0xa8  sl_interrupt_manager_cortexm.o [12]
    .rodata               const         0x14d0          4    0x94  sl_iostream_dmadrv.o [16]
    .rodata               const         0x1564          4    0x20  sl_iostream_dmadrv.o [16]
    .rodata               const         0x1584          4    0x94  sl_iostream_eusart.o [16]
    .rodata               const         0x1618          4     0x8  sl_iostream_init_eusart_instances.o [4]
    .rodata               const         0x1620          4    0xa4  sl_iostream_init_eusart_instances.o [4]
    .rodata               const         0x16c4          4    0x94  sl_iostream_uart.o [16]
    .rodata               const         0x1758          4    0x9c  sl_memory_manager.o [23]
    .rodata               const         0x17f4          4    0xa4  sl_power_manager.o [9]
    .rodata               const         0x1898          4    0xa8  sl_power_manager_common.o [6]
    .rodata               const         0x1940          4    0xac  sl_power_manager_hal_s2.o [9]
    .rodata               const         0x19ec          4    0x94  sl_sleeptimer.o [10]
    .rodata               const         0x1a80          4   0x11c  sl_sleeptimer_hal_rtcc.o [10]
    .rodata               const         0x1b9c          4    0x80  sl_slist.o [22]
    .rodata               const         0x1c1c          4    0x8c  sl_udelay.o [13]
    .rodata               const         0x1ca8          4    0xa4  sli_memory_manager_common.o [23]
    .rodata               const         0x1d4c          4    0x84  spidrv.o [20]
    .rodata               const         0x1dd0          4    0x8c  timer.o [1]
    .text                 ro code       0x1e5c          4   0x1a8  adc.o [1]
    .text                 ro code       0x2004          4    0x18  ABImemcpy_small.o [32]
    .text                 ro code       0x201c          4    0x64  em_cmu.o [27]
    .text                 ro code       0x2080          4   0x636  em_iadc.o [27]
    text_spidrv_timecritical78136
                          ro code       0x26b6          2     0xa  spidrv.o [20]
    .text                 ro code       0x26c0          4   0xe58  em_cmu.o [27]
    .text                 ro code       0x3518          2     0x2  sl_assert.o [22]
    .text                 ro code       0x351a          2    0x3a  packbits_init_single.o [32]
    .text                 ro code       0x3554          4    0x40  em_system.o [27]
    text_system_timecritical17171
                          ro code       0x3594          2     0x4  em_cmu.o [27]
    text_system_timecritical20201
                          ro code       0x3598          4    0x3c  system_efm32pg22.o [3]
    text_system_timecritical16154
                          ro code       0x35d4          4    0x24  system_efm32pg22.o [3]
    Veneer                ro code       0x35f8          4     0x8  - Linker created -
    .text                 ro code       0x3600          4   0x364  em_emu.o [27]
    text_system_timecritical19198
                          ro code       0x3964          4     0xc  system_efm32pg22.o [3]
    .text                 ro code       0x3970          4    0x70  system_efm32pg22.o [3]
    text_system_timecritical23207
                          ro code       0x39e0          4     0xc  system_efm32pg22.o [3]
    text_system_timecritical22205
                          ro code       0x39ec          4     0x8  system_efm32pg22.o [3]
    text_system_timecritical24210
                          ro code       0x39f4          4     0x8  system_efm32pg22.o [3]
    text_system_timecritical25212
                          ro code       0x39fc          4     0xc  system_efm32pg22.o [3]
    text_system_timecritical26215
                          ro code       0x3a08          2     0x6  system_efm32pg22.o [3]
    text_system_timecritical27217
                          ro code       0x3a0e          2     0x6  system_efm32pg22.o [3]
    text_system_timecritical21203
                          ro code       0x3a14          4     0x8  system_efm32pg22.o [3]
    text_power_manager_timecritical78355
                          ro code       0x3a1c          4    0x48  sl_power_manager_hal_s2.o [9]
    .text                 ro code       0x3a64          2     0x2  em_emu.o [27]
    text_core_timecritical4331
                          ro code       0x3a66          2     0x8  sl_core_cortexm.o [22]
    text_core_timecritical2307
                          ro code       0x3a6e          2     0xa  sl_core_cortexm.o [22]
    .text                 ro code       0x3a78          2     0x2  em_emu.o [27]
    .rodata               const         0x3a7a                0x1  nvm3_lock.o [19]
    .text                 ro code       0x3a7c          4   0x18e  sl_power_manager_hal_s2.o [9]
    text_system_timecritical18191
                          ro code       0x3c0a          2     0x4  em_emu.o [27]
    .text                 ro code       0x3c0e          2     0x2  em_emu.o [27]
    .text                 ro code       0x3c10          2     0x2  em_emu.o [27]
    .text                 ro code       0x3c14          4   0x1a4  sl_interrupt_manager_cortexm.o [12]
    text_system_timecritical18191
                          ro code       0x3db8          2     0x4  sl_power_manager_hal_s2.o [9]
    text_power_manager_timecritical6264
                          ro code       0x3dbc          4    0x74  sl_power_manager_hal_s2.o [9]
    .text                 ro code       0x3e30          4    0x88  sl_power_manager.o [9]
    .text                 ro code       0x3eb8          4   0x106  I64DivMod_small.o [32]
    text_sleeptimer_timecritical4891
                          ro code       0x3fc0          4    0x24  sl_sleeptimer_hal_rtcc.o [10]
    text_sleeptimer_timecritical49101
                          ro code       0x3fe4          4    0x24  sl_sleeptimer.o [10]
    text_sleeptimer_timecritical36319
                          ro code       0x4008          2    0x18  sl_sleeptimer.o [10]
    text_system_timecritical17171
                          ro code       0x4020          2     0x4  em_emu.o [27]
    text_core_timecritical9387
                          ro code       0x4024          2     0xc  sl_core_cortexm.o [22]
    text_core_timecritical7363
                          ro code       0x4030          2     0xa  sl_core_cortexm.o [22]
    text_system_timecritical17171
                          ro code       0x403a          2     0x4  sl_power_manager_hal_s2.o [9]
    text_clock_manager_timecritical2380
                          ro code       0x403e          2     0x6  sl_clock_manager.o [21]
    .text                 ro code       0x4044          4    0x40  sl_power_manager_common.o [6]
    text_sleeptimer_timecritical50112
                          ro code       0x4084          2     0x2  sl_sleeptimer_hal_rtcc.o [10]
    text_sleeptimer_timecritical38335
                          ro code       0x4088          4     0xc  sl_sleeptimer.o [10]
    .text                 ro code       0x4094          4    0x14  sl_power_manager_em4.o [6]
    text_power_manager_timecritical92155
                          ro code       0x40a8          4    0x44  sl_power_manager.o [9]
    .text                 ro code       0x40ec          4     0x2  I64DivZer.o [32]
    text_sleeptimer_timecritical5554
                          ro code       0x40f0          4    0x10  sl_sleeptimer_hal_rtcc.o [10]
    text_clock_manager_timecritical2774
                          ro code       0x4100          2    0x20  sl_clock_manager_hal_s2.o [21]
    .text                 ro code       0x4120          4    0x90  sl_slist.o [22]
    text_power_manager_timecritical6798
                          ro code       0x41b0          4    0x80  sl_power_manager_hal_s2.o [9]
    text_power_manager_timecritical68101
                          ro code       0x4230          2     0x4  sl_power_manager_hal_s2.o [9]
    text_power_manager_timecritical69104
                          ro code       0x4234          4    0x54  sl_power_manager_hal_s2.o [9]
    text_power_manager_timecritical49173
                          ro code       0x4288          4    0x78  sl_power_manager_common.o [6]
    text_clock_manager_timecritical7152
                          ro code       0x4300          4    0x2c  sl_clock_manager_hal_s2.o [21]
    .text                 ro code       0x432c          4    0x34  sl_clock_manager_hal_s2.o [21]
    .text                 ro code       0x4360          4   0x15c  comm.o [1]
    .text                 ro code       0x44bc          4    0x82  sl_iostream.o [16]
    .text                 ro code       0x4540          4   0x1aa  config.o [1]
    .text                 ro code       0x46ec          4    0x72  crc.o [1]
    .text                 ro code       0x4760          4  0x1a6c  nvm3.o [19]
    .text                 ro code       0x61cc          4   0x15e  sl_hal_gpio.o [17]
    .text                 ro code       0x632c          4    0x20  tpl0501.o [1]
    .text                 ro code       0x634c          4   0x23e  nvm3_page.o [19]
    .text                 ro code       0x658c          4   0x1be  nvm3_object.o [19]
    .text                 ro code       0x674c          4   0x28c  nvm3_cache.o [19]
    .text                 ro code       0x69d8          4    0x1e  memcmp_small.o [32]
    .text                 ro code       0x69f6          2    0x3e  nvm3_utils.o [19]
    .text                 ro code       0x6a34          4    0x10  nvm3_lock.o [19]
    .text                 ro code       0x6a44          4     0xc  nvm3_lock.o [19]
    .text                 ro code       0x6a50          4     0x6  ABImemclr4.o [32]
    .text                 ro code       0x6a56          2     0x2  nvm3_lock.o [19]
    text_hal_gpio_timecritical37700
                          ro code       0x6a58          4    0x6c  sl_gpio.o [24]
    .text                 ro code       0x6ac4          4    0x6c  sl_hal_gpio.o [17]
    .text                 ro code       0x6b30          4   0x5c8  spidrv.o [20]
    .text                 ro code       0x70f8          4    0x32  ABImemset48.o [32]
    text_power_manager_timecritical75204
                          ro code       0x712a          2    0x1c  spidrv.o [20]
    .text                 ro code       0x7148          4   0x1a4  em_usart.o [27]
    .text                 ro code       0x72ec          4    0x58  sl_sleeptimer.o [10]
    .text                 ro code       0x7344          4   0x1e8  sl_dma_manager.o [18]
    .text                 ro code       0x752c          4   0x5d0  sl_dma_channel.o [28]
    .text                 ro code       0x7afc          4   0x138  sl_gpio.o [24]
    text_sleeptimer_timecritical32269
                          ro code       0x7c34          4    0x54  sl_sleeptimer.o [10]
    text_power_manager_timecritical74186
                          ro code       0x7c88          2    0x1c  spidrv.o [20]
    text_dma_channel_dmachannelperf611713
                          ro code       0x7ca4          4    0x90  sl_dma_channel.o [28]
    text_power_manager_timecritical36122
                          ro code       0x7d34          4    0x98  sl_power_manager.o [9]
    .text                 ro code       0x7dcc          4   0x10c  sl_sleeptimer_hal_rtcc.o [10]
    text_sleeptimer_timecritical6093
                          ro code       0x7ed8          4    0x1c  sl_sleeptimer_hal_rtcc.o [10]
    text_sleeptimer_timecritical5985
                          ro code       0x7ef4          4    0x20  sl_sleeptimer_hal_rtcc.o [10]
    .text                 ro code       0x7f14          4    0xb0  sl_dma_manager_hal_ldma.o [18]
    .text                 ro code       0x7fc4          4   0x432  sl_memory_manager.o [23]
    text_memory_manager_dmachannelperf35409
                          ro code       0x83f6          2     0x8  sl_memory_manager.o [23]
    .text                 ro code       0x8400          4    0x2c  sl_dma_descriptor_allocator.o [28]
    text_hal_ldma_timecritical322596
                          ro code       0x842c          4    0x24  sl_dma_channel.o [28]
    .text                 ro code       0x8450          4    0x24  sl_dma_channel.o [28]
    text_device_peripheral_dmachannelperf371364
                          ro code       0x8474          2     0x4  sl_dma_channel.o [28]
    text_hal_ldma_timecritical312543
                          ro code       0x8478          4    0x24  sl_dma_channel.o [28]
    text_hal_ldma_timecritical292432
                          ro code       0x849c          4    0x30  sl_hal_ldma.o [17]
    .text                 ro code       0x84cc          4   0x18c  sl_hal_ldma.o [17]
    .text                 ro code       0x8658          4    0x24  sl_dma_channel.o [28]
    text_dma_channel_dmachannelperf58378
                          ro code       0x867c          4    0x56  sl_dma_channel.o [28]
    text_sleeptimer_timecritical84131
                          ro code       0x86d4          4    0x34  sl_sleeptimer.o [10]
    text_sleeptimer_timecritical82125
                          ro code       0x8708          4    0x3c  sl_sleeptimer.o [10]
    text_sleeptimer_timecritical83128
                          ro code       0x8744          4    0x3c  sl_sleeptimer.o [10]
    text_sleeptimer_timecritical61101
                          ro code       0x8780          4    0x34  sl_sleeptimer_hal_rtcc.o [10]
    text_hal_ldma_timecritical362807
                          ro code       0x87b4          2     0xa  sl_dma_channel.o [28]
    text_hal_ldma_timecritical332693
                          ro code       0x87be          2     0x8  sl_dma_channel.o [28]
    text_dma_manager_dmachannelperf37148
                          ro code       0x87c6          2     0x4  sl_dma_manager.o [18]
    text_dma_channel_dmachannelperf601663
                          ro code       0x87cc          4    0xa4  sl_dma_channel.o [28]
    text_power_manager_timecritical87138
                          ro code       0x8870          4    0x10  sl_power_manager.o [9]
    text_power_manager_timecritical91152
                          ro code       0x8880          4    0x58  sl_power_manager.o [9]
    .text                 ro code       0x88d8          4   0x11c  em_rtcc.o [27]
    text_sleeptimer_timecritical66151
                          ro code       0x89f4          4    0x8c  sl_sleeptimer.o [10]
    text_device_peripheral_timecritical771881
                          ro code       0x8a80          2     0x4  sl_sleeptimer_hal_rtcc.o [10]
    text_clock_manager_timecritical1352
                          ro code       0x8a84          2     0xc  sl_clock_manager.o [21]
    text_device_peripheral_dmachannelperf281364
                          ro code       0x8a90          2     0x4  sl_dma_manager_hal_ldma.o [18]
    text_dma_manager_dmachannelperf33104
                          ro code       0x8a94          4    0x5c  sl_dma_manager.o [18]
    .text                 ro code       0x8af0          4    0x28  sl_memory_manager_region.o [23]
    .text                 ro code       0x8b18          4   0x208  sli_memory_manager_common.o [23]
    text_memory_manager_dmachannelperf31663
                          ro code       0x8d20          2     0x4  sl_memory_manager.o [23]
    text_memory_manager_dmachannelperf28608
                          ro code       0x8d24          2     0x4  sl_memory_manager.o [23]
    text_memory_manager_dmachannelperf29626
                          ro code       0x8d28          2     0x4  sl_memory_manager.o [23]
    text_memory_manager_dmachannelperf33697
                          ro code       0x8d2c          2     0x4  sl_memory_manager.o [23]
    text_memory_manager_dmachannelperf30644
                          ro code       0x8d30          2     0x4  sl_memory_manager.o [23]
    text_memory_manager_dmachannelperf32680
                          ro code       0x8d34          2     0x4  sl_memory_manager.o [23]
    .text                 ro code       0x8d38          4     0x6  ABImemclr.o [32]
    text_memory_manager_dmachannelperf361017
                          ro code       0x8d3e          2   0x1ec  sl_memory_manager.o [23]
    text_dma_channel_dmachannelperf3997
                          ro code       0x8f2a          2     0x6  sl_dma_descriptor_allocator.o [28]
    text_sleeptimer_timecritical5770
                          ro code       0x8f30          4    0x68  sl_sleeptimer_hal_rtcc.o [10]
    text_sleeptimer_timecritical62109
                          ro code       0x8f98          4    0x10  sl_sleeptimer_hal_rtcc.o [10]
    text_sleeptimer_timecritical89152
                          ro code       0x8fa8          4    0x30  sl_sleeptimer.o [10]
    text_dma_manager_dmachannelperf36137
                          ro code       0x8fd8          4     0xc  sl_dma_manager_hal_ldma.o [18]
    text_dma_channel_dmachannelperf591641
                          ro code       0x8fe4          2    0x36  sl_dma_channel.o [28]
    text_dma_channel_dmachannelperf56129
                          ro code       0x901a          2    0x28  sl_dma_channel.o [28]
    text_dma_manager_dmachannelperf31507
                          ro code       0x9042          2     0x4  sl_dma_manager.o [18]
    text_dma_manager_dmachannelperf32517
                          ro code       0x9046          2     0x4  sl_dma_manager.o [18]
    text_sleeptimer_timecritical88149
                          ro code       0x904c          4    0xb4  sl_sleeptimer.o [10]
    text_clock_manager_timecritical2661
                          ro code       0x9100          2    0xc2  sl_clock_manager_hal_s2.o [21]
    .text                 ro code       0x91c4          4    0x5e  ABImemset.o [32]
    text_memory_manager_timecritical34462
                          ro code       0x9224          4    0x20  sli_memory_manager_common.o [23]
    text_memory_manager_dmachannelperf34373
                          ro code       0x9244          2    0x20  sl_memory_manager.o [23]
    text_sleeptimer_timecritical5662
                          ro code       0x9264          4     0xc  sl_sleeptimer_hal_rtcc.o [10]
    text_dma_channel_dmachannelperf57146
                          ro code       0x9270          2    0x12  sl_dma_channel.o [28]
    text_dma_manager_dmachannelperf34113
                          ro code       0x9284          4     0xc  sl_dma_manager_hal_ldma.o [18]
    text_dma_manager_dmachannelperf35123
                          ro code       0x9290          4    0x10  sl_dma_manager_hal_ldma.o [18]
    text_sleeptimer_timecritical81121
                          ro code       0x92a0          4    0x68  sl_sleeptimer.o [10]
    .text                 ro code       0x9308          4    0x14  errno.o [30]
    text_power_manager_timecritical69127
                          ro code       0x931c          4    0x30  sl_power_manager.o [9]
    .text                 ro code       0x934c          2     0x4  tp_nothreads.o [30]
    text_power_manager_timecritical6372
                          ro code       0x9350          4    0x18  sl_power_manager_hal_s2.o [9]
    .text                 ro code       0x9368          4   0x472  em_eusart.o [27]
    .text                 ro code       0x97dc          4   0x168  em_gpio.o [27]
    .text                 ro code       0x9944          4    0x58  em_msc.o [27]
    .text                 ro code       0x999c          4    0x28  env.o [1]
    .text                 ro code       0x99c4          4   0x170  tempdrv.o [25]
    .text                 ro code       0x9b34          4    0x6c  tmp1075.o [1]
    .text                 ro code       0x9ba0          4   0x196  sl_i2cspm.o [26]
    .text                 ro code       0x9d38          4   0xb04  sl_i2c.o [11]
    .text                 ro code       0xa83c          4    0x50  sl_udelay.o [13]
    text_device_peripheral_timecritical601881
                          ro code       0xa88c          2     0x4  sl_i2c.o [11]
    .text                 ro code       0xa890          4   0x2a0  sl_hal_i2c.o [17]
    .text                 ro code       0xab30          4    0x30  sl_hal_i2c.o [17]
    .text                 ro code       0xab60          4    0x30  sl_i2c.o [11]
    .text                 ro code       0xab90          4    0x30  sl_i2c.o [11]
    .text                 ro code       0xabc0          4    0x38  sl_i2c.o [11]
    .text                 ro code       0xabf8          4    0x30  sl_i2c.o [11]
    .text                 ro code       0xac28          4    0x38  sl_i2c.o [11]
    text_sleeptimer_timecritical41733
                          ro code       0xac60          4    0x48  sl_sleeptimer.o [10]
    text_hal_ldma_timecritical282415
                          ro code       0xaca8          4    0x3c  sl_hal_ldma.o [17]
    text_device_peripheral_dmachannelperf591364
                          ro code       0xace4          2     0x4  sl_i2c.o [11]
    text_system_timecritical17171
                          ro code       0xace8          2     0x4  sl_udelay.o [13]
    text_sleeptimer_timecritical86137
                          ro code       0xacec          2    0x10  sl_sleeptimer.o [10]
    text_sleeptimer_timecritical85134
                          ro code       0xacfc          2     0xa  sl_sleeptimer.o [10]
    .text                 ro code       0xad08          4    0x1e  U64Shr.o [32]
    text_hal_ldma_timecritical342713
                          ro code       0xad26          2     0x8  sl_dma_channel.o [28]
    .text                 ro code       0xad30          4    0x10  nvm3_default_common_linker.o [19]
    .text                 ro code       0xad40          4    0xe4  sl_clock_manager_init_hal_s2.o [21]
    .text                 ro code       0xae24          4    0x20  sl_device_init_dcdc_s2.o [14]
    .text                 ro code       0xae44          4    0x10  sl_dma_manager_instances.o [4]
    .text                 ro code       0xae54          4    0x22  sl_hal_gpio_simple_init.o [4]
    .text                 ro code       0xae78          4    0x28  sl_hal_letimer.o [17]
    .text                 ro code       0xaea0          4    0x28  sl_hal_letimer.o [17]
    .text                 ro code       0xaec8          4    0x24  sl_hal_letimer.o [17]
    .text                 ro code       0xaeec          4    0x88  sl_hal_letimer.o [17]
    .text                 ro code       0xaf74          4    0x40  sl_hal_system.o [17]
    .text                 ro code       0xafb4          4    0x1c  sl_i2cspm_init.o [4]
    .text                 ro code       0xafd0          4   0x2e0  sl_iostream_dmadrv.o [16]
    .text                 ro code       0xb2b0          4   0x3b8  sl_iostream_eusart.o [16]
    .text                 ro code       0xb668          4   0xbe8  sl_iostream_uart.o [16]
    text_clock_manager_timecritical3394
                          ro code       0xc250          2     0x6  sl_clock_manager.o [21]
    text_power_manager_timecritical60204
                          ro code       0xc256          2    0x1c  sl_iostream_uart.o [16]
    text_dma_channel_timecritical5172
                          ro code       0xc274          4    0x3c  sl_iostream_dmadrv.o [16]
    text_power_manager_timecritical59186
                          ro code       0xc2b0          2    0x1c  sl_iostream_uart.o [16]
    text_dma_channel_timecritical5274
                          ro code       0xc2cc          4    0x40  sl_iostream_dmadrv.o [16]
    text_dma_channel_timecritical5376
                          ro code       0xc30c          4    0x40  sl_iostream_dmadrv.o [16]
    text_hal_ldma_timecritical302454
                          ro code       0xc34c          4    0x3c  sl_hal_ldma.o [17]
    .text                 ro code       0xc388          4    0x18  sl_iostream_handles.o [4]
    .text                 ro code       0xc3a0          4   0x118  sl_iostream_init_eusart_instances.o [4]
    .text                 ro code       0xc4b8          4    0x28  sl_spidrv_init.o [4]
    .text                 ro code       0xc4e0          4    0x4a  startup_efm32pg22.o [3]
    .text                 ro code       0xc52c          4    0x1e  cstartup_M.o [32]
    .text                 ro code       0xc54c          4    0x22  fpinit_M.o [31]
    .text                 ro code       0xc570          4    0x22  cmain.o [32]
    .text                 ro code       0xc592          2     0x4  low_level_init.o [30]
    .text                 ro code       0xc598          4    0x28  data_init.o [32]
    .text                 ro code       0xc5c0          2    0x18  main.o [2]
    .text                 ro code       0xc5d8          2     0x4  exit.o [30]
    .text                 ro code       0xc5dc          2    0x52  sl_main_init.o [29]
    .text                 ro code       0xc62e          2    0x12  app.o [2]
    .text                 ro code       0xc640          2    0x16  sl_main_process_action.o [29]
    text_power_manager_timecritical37177
                          ro code       0xc658          4   0x12c  sl_power_manager.o [9]
    .text                 ro code       0xc784          4     0x4  cexit.o [32]
    .text                 ro code       0xc788          2    0x4c  sl_event_handler.o [4]
    .text                 ro code       0xc7d4          2     0x2  sl_main_init.o [29]
    .text                 ro code       0xc7d6          2     0x2  sl_main_init.o [29]
    .text                 ro code       0xc7d8          2     0x4  sl_clock_manager_init.o [21]
    .text                 ro code       0xc7dc          2     0x2  sl_main_init.o [29]
    .text                 ro code       0xc7de          2    0x1a  sl_main_init_memory.o [29]
    .text                 ro code       0xc7f8          4    0xb8  timer.o [1]
    .text                 ro code       0xc8b0          4    0x28  uart.o [1]
    text_power_manager_timecritical93160
                          ro code       0xc8d8          2     0x8  sl_power_manager.o [9]
    text_power_manager_timecritical6556
                          ro code       0xc8e0          2    0x10  sl_power_manager_handler.o [4]
    text_power_manager_timecritical89145
                          ro code       0xc8f0          4    0x70  sl_power_manager.o [9]
    text_power_manager_timecritical88142
                          ro code       0xc960          4    0x98  sl_power_manager.o [9]
    text_power_manager_timecritical6592
                          ro code       0xc9f8          4    0x20  sl_power_manager_hal_s2.o [9]
    text_power_manager_timecritical6695
                          ro code       0xca18          4     0xc  sl_power_manager_hal_s2.o [9]
    text_power_manager_timecritical6486
                          ro code       0xca24          4    0x78  sl_power_manager_hal_s2.o [9]
    text_power_manager_timecritical95168
                          ro code       0xca9c          2     0xe  sl_power_manager.o [9]
    text_power_manager_timecritical6672
                          ro code       0xcaaa          2    0x32  sl_power_manager_handler.o [4]
    text_power_manager_timecritical94164
                          ro code       0xcadc          2     0xa  sl_power_manager.o [9]
    .text                 ro code       0xcae8          4     0xa  cexit_2.o [32]
    .text                 ro code       0xcaf2          2     0x4  sl_clock_manager.o [21]
    .text                 ro code       0xcaf6          2     0x2  sl_main_init_memory.o [29]
    .text                 ro code       0xcaf8          4    0x24  timer.o [1]
    .text                 ro code       0xcb1c          4    0x30  tasks.o [1]
    text_power_manager_timecritical6320
                          ro code       0xcb4c          2     0x4  sl_power_manager_handler.o [4]
    text_sleeptimer_timecritical35310
                          ro code       0xcb50          4    0x5c  sl_sleeptimer.o [10]
    text_power_manager_timecritical70123
                          ro code       0xcbac          4     0xc  sl_power_manager_hal_s2.o [9]
    text_sleeptimer_timecritical29195
                          ro code       0xcbb8          2    0x38  sl_sleeptimer.o [10]
    text_power_manager_timecritical40368
                          ro code       0xcbf0          4    0x24  sl_power_manager.o [9]
    text_power_manager_timecritical6444
                          ro code       0xcc14          2     0x4  sl_power_manager_handler.o [4]
    .text                 ro code       0xcc18          4     0xc  XXexit.o [32]
    text_sleeptimer_timecritical87140
                          ro code       0xcc24          4    0x70  sl_sleeptimer.o [10]
    text_sleeptimer_timecritical43755
                          ro code       0xcc94          4    0x18  sl_sleeptimer.o [10]
    text_dma_channel_dmachannelperf62168
                          ro code       0xccac          4    0x30  sl_iostream_dmadrv.o [16]
    text_dma_channel_dmachannelperf621843
                          ro code       0xccdc          4    0x60  sl_dma_channel.o [28]
    text_dma_manager_dmachannelperf30495
                          ro code       0xcd3c          4    0x2c  sl_dma_manager.o [18]
    text_power_manager_timecritical90148
                          ro code       0xcd68          4    0x20  sl_power_manager.o [9]
    Veneer                ro code       0xcd88          4     0x8  - Linker created -
    Veneer                ro code       0xcd90          4     0x8  - Linker created -
    .text                 ro code       0xcd98          2    0xce  nvm3_hal_flash.o [19]
    text_dma_channel_dmachannelperf5474
                          ro code       0xce66          2     0x6  sl_iostream_dmadrv.o [16]
    text_dma_channel_dmachannelperf5576
                          ro code       0xce6c          2     0x6  sl_iostream_dmadrv.o [16]
    text_dma_channel_dmachannelperf5678
                          ro code       0xce72          2     0x6  sl_iostream_dmadrv.o [16]
    text_dma_channel_dmachannelperf5780
                          ro code       0xce78          2     0x6  sl_iostream_dmadrv.o [16]
    text_dma_channel_dmachannelperf5882
                          ro code       0xce7e          2     0x6  sl_iostream_dmadrv.o [16]
    text_dma_channel_dmachannelperf5984
                          ro code       0xce84          2     0x6  sl_iostream_dmadrv.o [16]
    text_dma_channel_dmachannelperf6086
                          ro code       0xce8a          2     0x6  sl_iostream_dmadrv.o [16]
    text_dma_channel_dmachannelperf6188
                          ro code       0xce90          2     0x6  sl_iostream_dmadrv.o [16]
    .text                 ro code       0xce96          2    0x38  zero_init3.o [32]
    .iar.init_table       const         0xced0          4    0x20  - Linker created -
    .rodata               const         0xcef0                0x0  zero_init3.o [32]
    .rodata               const         0xcef0                0x0  packbits_init_single.o [32]
    Initializer bytes     const         0xcef0               0xa2  <for rw-1>
  text_ram_init                         0xcf98          8   0x1c4  <Block>
    text_application_ram_init
                                        0xcf98          8   0x1c4  <Block>
      Initializer bytes   const         0xcf98          4   0x1c4  <for text_application_ram-1>
                                      - 0xd15c             0xd15c

"storage_regions":                                         0xa000
  storage                             0x7'4000       8192     0x0  <Block>
  nvm                                 0x7'4000       8192  0xa000  <Block>
    SIMEE                 uninit      0x7'4000          4  0xa000  nvm3_default_common_linker.o [19]
                                    - 0x7'e000             0xa000

"application_ram":                                         0x2550
  application_ram                  0x2000'0000             0x2550  <Block>
    CSTACK                         0x2000'0000          8  0x1000  <Block>
      .stack              uninit   0x2000'0000          4  0x1000  sl_memory_manager_region.o [23]
    rw-1                           0x2000'1000              0x151  <Init block>
      .data               inited   0x2000'1000          4     0x8  env.o [1]
      .data               inited   0x2000'1008          4     0x8  nvm3_default_common_linker.o [19]
      .data               inited   0x2000'1010          4    0x1c  nvm3_default_common_linker.o [19]
      .data               inited   0x2000'102c          4     0x4  sl_i2cspm_init.o [4]
      .data               inited   0x2000'1030          4    0x14  sl_i2cspm_init.o [4]
      .data               inited   0x2000'1044          4    0x14  sl_iostream_eusart.o [16]
      .data               inited   0x2000'1058          4     0x8  sl_iostream_handles.o [4]
      .data               inited   0x2000'1060          4    0x10  sl_iostream_init_eusart_instances.o [4]
      .data               inited   0x2000'1070          4     0x4  sl_iostream_init_eusart_instances.o [4]
      .data               inited   0x2000'1074          4     0x4  sl_iostream_init_eusart_instances.o [4]
      .data               inited   0x2000'1078          4    0x14  sl_iostream_init_eusart_instances.o [4]
      .data               inited   0x2000'108c          4    0x10  sl_iostream_init_eusart_instances.o [4]
      .data               inited   0x2000'109c          4    0x2c  sl_memory_manager.o [23]
      .data               inited   0x2000'10c8          4    0x54  sl_power_manager_hal_s2.o [9]
      .data               inited   0x2000'111c          4    0x24  sl_spidrv_init.o [4]
      .data               inited   0x2000'1140          4     0x4  system_efm32pg22.o [3]
      .data               inited   0x2000'1144          4     0x4  system_efm32pg22.o [3]
      .data               inited   0x2000'1148          4     0x4  system_efm32pg22.o [3]
      .data               inited   0x2000'114c          4     0x4  system_efm32pg22.o [3]
      .data               inited   0x2000'1150                0x1  sl_sleeptimer_hal_rtcc.o [10]
    .bss                  zero     0x2000'1158          8    0x68  nvm3_default_common_linker.o [19]
    .bss                  zero     0x2000'11c0          4    0x5c  adc.o [1]
    .bss                  zero     0x2000'121c          4    0x48  comm.o [1]
    .bss                  zero     0x2000'1264          4   0x568  config.o [1]
    .bss                  zero     0x2000'17cc          4     0x4  em_emu.o [27]
    .bss                  zero     0x2000'17d0          4     0x8  nvm3.o [19]
    .bss                  zero     0x2000'17d8          4   0x640  nvm3_default_common_linker.o [19]
    .bss                  zero     0x2000'1e18          4     0x4  nvm3_lock.o [19]
    .bss                  zero     0x2000'1e1c          4    0x2c  nvm3_lock.o [19]
    .bss                  zero     0x2000'1e48          4    0x2c  nvm3_lock.o [19]
    .bss                  zero     0x2000'1e74          4    0x2c  nvm3_lock.o [19]
    .bss                  zero     0x2000'1ea0          4    0x2c  nvm3_lock.o [19]
    .bss                  zero     0x2000'1ecc          4    0x10  sl_dma_manager.o [18]
    .bss                  zero     0x2000'1edc          4    0x20  sl_dma_manager_hal_ldma.o [18]
    .bss                  zero     0x2000'1efc          4    0x1c  sl_dma_manager_instances.o [4]
    .bss                  zero     0x2000'1f18          4   0x100  sl_gpio.o [24]
    .bss                  zero     0x2000'2018          4     0x8  sl_i2c.o [11]
    .bss                  zero     0x2000'2020          4   0x118  sl_i2cspm.o [26]
    .bss                  zero     0x2000'2138          4     0x4  sl_iostream.o [16]
    .bss                  zero     0x2000'213c          4     0x8  sl_iostream_dmadrv.o [16]
    .bss                  zero     0x2000'2144          4    0x80  sl_iostream_dmadrv.o [16]
    .bss                  zero     0x2000'21c4          4   0x100  sl_iostream_dmadrv.o [16]
    .bss                  zero     0x2000'22c4          4    0xe4  sl_iostream_init_eusart_instances.o [4]
    .bss                  zero     0x2000'23a8          4    0x20  sl_iostream_init_eusart_instances.o [4]
    .bss                  zero     0x2000'23c8          4     0x8  sl_memory_manager_region.o [23]
    .bss                  zero     0x2000'23d0          4    0x3c  sl_power_manager.o [9]
    .bss                  zero     0x2000'240c          4     0x4  sl_power_manager_common.o [6]
    .bss                  zero     0x2000'2410          4    0x18  sl_sleeptimer.o [10]
    .bss                  zero     0x2000'2428          4    0xac  sl_spidrv_init.o [4]
    .bss                  zero     0x2000'24d4          4     0x4  sl_spidrv_init.o [4]
    .bss                  zero     0x2000'24d8          4     0x4  tasks.o [1]
    .bss                  zero     0x2000'24dc          4    0x64  tempdrv.o [25]
    .bss                  zero     0x2000'2540          4     0x4  timer.o [1]
    .tbss                 zero     0x2000'2544          4     0x4  errno.o [30]
    .bss                  zero     0x2000'2548                0x1  em_cmu.o [27]
    .bss                  zero     0x2000'2549                0x1  em_emu.o [27]
    .bss                  zero     0x2000'254a                0x1  sl_interrupt_manager_cortexm.o [12]
    .bss                  zero     0x2000'254b                0x1  sl_iostream_uart.o [16]
    .bss                  zero     0x2000'254c                0x1  sl_power_manager_hal_s2.o [9]
    .bss                  zero     0x2000'254d                0x1  spidrv.o [20]
                                 - 0x2000'2550             0x2550

"ram_code":                                                 0x1c4
  text_ram                         0x2000'2550          8   0x1c4  <Block>
    text_application_ram           0x2000'2550          8   0x1c4  <Block>
      text_application_ram-1
                                   0x2000'2550          4   0x1c4  <Init block>
        Veneer            inited   0x2000'2550          4     0x8  - Linker created -
        text_application_ram
                          inited   0x2000'2558          4    0x24  em_emu.o [27]
        Veneer            inited   0x2000'257c          4     0x8  - Linker created -
        text_application_ram
                          inited   0x2000'2584          4   0x190  em_msc.o [27]
                                 - 0x2000'2714              0x1c4

"application_heap":                                        0x58e8
  application_heap                 0x2000'2718             0x58e8  <Block>
    MEMORY_MANAGER_HEAP            0x2000'2718          8  0x58e8  <Block>
      MEMORY_MANAGER_HEAP
                          uninit   0x2000'2718             0x58e8  <Block tail>
                                 - 0x2000'8000             0x58e8

Unused ranges:

         From           To  Size
         ----           --  ----
  0x2000'2714  0x2000'2717   0x4


*******************************************************************************
*** INIT TABLE
***

          Address      Size
          -------      ----
Zero (__iar_zero_init3)
    1 destination range, total size 0x13f6:
          0x2000'1158  0x13f6

Copy/packbits (__iar_packbits_init_single3)
    1 source range, total size 0xa2 (48% of destination):
               0xcef0    0xa2
    1 destination range, total size 0x151:
          0x2000'1000   0x151



*******************************************************************************
*** MODULE SUMMARY
***

    Module                                ro code  rw code  ro data  rw data
    ------                                -------  -------  -------  -------
command line/config:
    ------------------------------------------------------------------------
    Total:

C:\Users\JunyiHuang\SimplicityStudio\v6_workspace\btsensor\ewarm-iar\obj: [1]
    adc.o                                     424                40       92
    comm.o                                    348                         72
    config.o                                  426                      1'384
    crc.o                                     114
    env.o                                      40                 3        8
    tasks.o                                    48                          4
    timer.o                                   220               140        4
    tmp1075.o                                 108
    tpl0501.o                                  32
    uart.o                                     40
    ------------------------------------------------------------------------
    Total:                                  1'800               183    1'564

C:\Users\JunyiHuang\SimplicityStudio\v6_workspace\btsensor\ewarm-iar\obj\Simplicity Configurator_13668623889914588608.dir: [2]
    app.o                                      18
    main.o                                     24
    ------------------------------------------------------------------------
    Total:                                     42

C:\Users\JunyiHuang\SimplicityStudio\v6_workspace\btsensor\ewarm-iar\obj\Source_1284957418446755893.dir: [3]
    startup_efm32pg22.o                        74               320
    system_efm32pg22.o                        280                 8       16
    ------------------------------------------------------------------------
    Total:                                    354               328       16

C:\Users\JunyiHuang\SimplicityStudio\v6_workspace\btsensor\ewarm-iar\obj\autogen_4637248165280573407.dir: [4]
    sl_dma_manager_instances.o                 16                         28
    sl_event_handler.o                         76
    sl_hal_gpio_simple_init.o                  34
    sl_i2cspm_init.o                           28                11       24
    sl_iostream_handles.o                      24                 4        8
    sl_iostream_init_eusart_instances.o       280               200      320
    sl_power_manager_handler.o                 74
    sl_spidrv_init.o                           40                17      212
    ------------------------------------------------------------------------
    Total:                                    572               232      592

C:\Users\JunyiHuang\SimplicityStudio\v6_workspace\btsensor\ewarm-iar\obj\clocks_17057976963479099201.dir: [5]
    sl_device_clock_efr32xg22.o                                  44
    ------------------------------------------------------------------------
    Total:                                                       44

C:\Users\JunyiHuang\SimplicityStudio\v6_workspace\btsensor\ewarm-iar\obj\common_8772316303540072548.dir: [6]
    sl_power_manager_common.o                 184               168        4
    sl_power_manager_em4.o                     20
    ------------------------------------------------------------------------
    Total:                                    204               168        4

C:\Users\JunyiHuang\SimplicityStudio\v6_workspace\btsensor\ewarm-iar\obj\devices_15697687129864739245.dir: [7]
    sl_device_peripheral_hal_efr32xg22.o                        180
    ------------------------------------------------------------------------
    Total:                                                      180

C:\Users\JunyiHuang\SimplicityStudio\v6_workspace\btsensor\ewarm-iar\obj\dma_12775181457253049652.dir: [8]
    sl_device_dma_s2.o                                           72
    ------------------------------------------------------------------------
    Total:                                                       72

C:\Users\JunyiHuang\SimplicityStudio\v6_workspace\btsensor\ewarm-iar\obj\sleep_loop_17362038477303012698.dir: [9]
    sl_power_manager.o                      1'172               164       60
    sl_power_manager_hal_s2.o               1'010               212       85
    ------------------------------------------------------------------------
    Total:                                  2'182               376      145

C:\Users\JunyiHuang\SimplicityStudio\v6_workspace\btsensor\ewarm-iar\obj\src_11444351278465186780.dir: [10]
    sl_sleeptimer.o                         1'270               148       24
    sl_sleeptimer_hal_rtcc.o                  570               285        1
    ------------------------------------------------------------------------
    Total:                                  1'840               433       25

C:\Users\JunyiHuang\SimplicityStudio\v6_workspace\btsensor\ewarm-iar\obj\src_11924027806930328454.dir: [11]
    sl_i2c.o                                3'084               272        8
    ------------------------------------------------------------------------
    Total:                                  3'084               272        8

C:\Users\JunyiHuang\SimplicityStudio\v6_workspace\btsensor\ewarm-iar\obj\src_12080466581921778986.dir: [12]
    sl_interrupt_manager_cortexm.o            420               168        1
    ------------------------------------------------------------------------
    Total:                                    420               168        1

C:\Users\JunyiHuang\SimplicityStudio\v6_workspace\btsensor\ewarm-iar\obj\src_12471876197766715931.dir: [13]
    sl_udelay.o                                84               140
    sl_udelay_armv6m_iar.o                      8
    ------------------------------------------------------------------------
    Total:                                     92               140

C:\Users\JunyiHuang\SimplicityStudio\v6_workspace\btsensor\ewarm-iar\obj\src_12476918676681711256.dir: [14]
    sl_device_init_dcdc_s2.o                   32
    ------------------------------------------------------------------------
    Total:                                     32

C:\Users\JunyiHuang\SimplicityStudio\v6_workspace\btsensor\ewarm-iar\obj\src_12704921767143345752.dir: [15]
    ------------------------------------------------------------------------
    Total:

C:\Users\JunyiHuang\SimplicityStudio\v6_workspace\btsensor\ewarm-iar\obj\src_1300024928006847153.dir: [16]
    sl_iostream.o                             130                          4
    sl_iostream_dmadrv.o                    1'020               180      392
    sl_iostream_eusart.o                      952               158       20
    sl_iostream_uart.o                      3'104               148        1
    ------------------------------------------------------------------------
    Total:                                  5'206               486      417

C:\Users\JunyiHuang\SimplicityStudio\v6_workspace\btsensor\ewarm-iar\obj\src_14190545362676408484.dir: [17]
    sl_hal_gpio.o                             458               272
    sl_hal_i2c.o                              720               272
    sl_hal_ldma.o                             564               272
    sl_hal_letimer.o                          252               280
    sl_hal_system.o                            64
    ------------------------------------------------------------------------
    Total:                                  2'058             1'096

C:\Users\JunyiHuang\SimplicityStudio\v6_workspace\btsensor\ewarm-iar\obj\src_1442740067370495051.dir: [18]
    sl_dma_manager.o                          636               148       16
    sl_dma_manager_hal_ldma.o                 220                         32
    ------------------------------------------------------------------------
    Total:                                    856               148       48

C:\Users\JunyiHuang\SimplicityStudio\v6_workspace\btsensor\ewarm-iar\obj\src_16550513276957216125.dir: [19]
    nvm3.o                                  6'764                          8
    nvm3_cache.o                              652
    nvm3_default_common_linker.o               16                18   42'700
    nvm3_hal_flash.o                          206                28
    nvm3_lock.o                                30                 5      180
    nvm3_object.o                             446
    nvm3_page.o                               574
    nvm3_utils.o                               62
    ------------------------------------------------------------------------
    Total:                                  8'750                51   42'888

C:\Users\JunyiHuang\SimplicityStudio\v6_workspace\btsensor\ewarm-iar\obj\src_285091580903799999.dir: [20]
    spidrv.o                                1'546               132        1
    ------------------------------------------------------------------------
    Total:                                  1'546               132        1

C:\Users\JunyiHuang\SimplicityStudio\v6_workspace\btsensor\ewarm-iar\obj\src_3271511436674296820.dir: [21]
    sl_clock_manager.o                         28
    sl_clock_manager_hal_s2.o                 322               128
    sl_clock_manager_init.o                     4
    sl_clock_manager_init_hal_s2.o            228               164
    ------------------------------------------------------------------------
    Total:                                    582               292

C:\Users\JunyiHuang\SimplicityStudio\v6_workspace\btsensor\ewarm-iar\obj\src_3610921774255391873.dir: [22]
    sl_assert.o                                 2
    sl_core_cortexm.o                          40
    sl_slist.o                                144               128
    ------------------------------------------------------------------------
    Total:                                    186               128

C:\Users\JunyiHuang\SimplicityStudio\v6_workspace\btsensor\ewarm-iar\obj\src_3805666523351537575.dir: [23]
    sl_memory_manager.o                     1'630               178       44
    sl_memory_manager_region.o                 40                      4'104
    sli_memory_manager_common.o               552               164
    ------------------------------------------------------------------------
    Total:                                  2'222               342    4'148

C:\Users\JunyiHuang\SimplicityStudio\v6_workspace\btsensor\ewarm-iar\obj\src_4092573262637242981.dir: [24]
    sl_gpio.o                                 420               268      256
    ------------------------------------------------------------------------
    Total:                                    420               268      256

C:\Users\JunyiHuang\SimplicityStudio\v6_workspace\btsensor\ewarm-iar\obj\src_6603155134503530573.dir: [25]
    tempdrv.o                                 368                        100
    ------------------------------------------------------------------------
    Total:                                    368                        100

C:\Users\JunyiHuang\SimplicityStudio\v6_workspace\btsensor\ewarm-iar\obj\src_723537623940537296.dir: [26]
    sl_i2cspm.o                               406               136      280
    ------------------------------------------------------------------------
    Total:                                    406               136      280

C:\Users\JunyiHuang\SimplicityStudio\v6_workspace\btsensor\ewarm-iar\obj\src_8825142927511774639.dir: [27]
    em_cmu.o                                3'776               656        1
    em_emu.o                                  884       36      164        5
    em_eusart.o                             1'138               128
    em_gpio.o                                 360               384
    em_iadc.o                               1'590               128
    em_msc.o                                   88      400      528
    em_rtcc.o                                 284               128
    em_system.o                                64
    em_usart.o                                420               128
    ------------------------------------------------------------------------
    Total:                                  8'604      436    2'244        6

C:\Users\JunyiHuang\SimplicityStudio\v6_workspace\btsensor\ewarm-iar\obj\src_9365526667153887636.dir: [28]
    sl_dma_channel.o                        2'264               284
    sl_dma_descriptor_allocator.o              50               160
    ------------------------------------------------------------------------
    Total:                                  2'314               444

C:\Users\JunyiHuang\SimplicityStudio\v6_workspace\btsensor\ewarm-iar\obj\src_943981968147738043.dir: [29]
    sl_main_init.o                             88
    sl_main_init_memory.o                      28
    sl_main_process_action.o                   22
    ------------------------------------------------------------------------
    Total:                                    138

dl7M_tln.a: [30]
    errno.o                                    20                          4
    exit.o                                      4
    low_level_init.o                            4
    tp_nothreads.o                              4
    ------------------------------------------------------------------------
    Total:                                     32                          4

m7M_tls.a: [31]
    fpinit_M.o                                 34
    ------------------------------------------------------------------------
    Total:                                     34

rt7M_tl.a: [32]
    ABImemclr.o                                 6
    ABImemclr4.o                                6
    ABImemcpy_small.o                          24
    ABImemset.o                                94
    ABImemset48.o                              50
    I64DivMod_small.o                         262
    I64DivZer.o                                 2
    U64Shr.o                                   30
    XXexit.o                                   12
    cexit.o                                     4
    cexit_2.o                                  10
    cmain.o                                    34
    cstartup_M.o                               30
    data_init.o                                40
    memcmp_small.o                             30
    packbits_init_single.o                     58
    zero_init3.o                               56
    ------------------------------------------------------------------------
    Total:                                    748

    Gaps                                       61                 2       13
    Linker created                             24       16       48   22'760
----------------------------------------------------------------------------
    Grand Total:                           45'177      452    8'413   73'276


*******************************************************************************
*** ENTRY LIST
***

Entry                       Address    Size  Type      Object
-----                       -------    ----  ----      ------
.iar.init_table$$Base        0xced0           --   Gb  - Linker created -
.iar.init_table$$Limit       0xcef0           --   Gb  - Linker created -
?main                        0xc571          Code  Gb  cmain.o [32]
BURTC_IRQHandler             0xc529     0x2  Code  Wk  startup_efm32pg22.o [3]
BUS_RegBitWrite              0x432d    0x2c  Code  Lc  sl_clock_manager_hal_s2.o [21]
BUS_RegMaskedWrite           0x97dd    0x30  Code  Lc  em_gpio.o [27]
BlockingComplete             0x26b7     0xa  Code  Lc  spidrv.o [20]
BusFault_Handler             0xc529     0x2  Code  Wk  startup_efm32pg22.o [3]
CMU_ClockDivGet              0x26d7    0x76  Code  Gb  em_cmu.o [27]
CMU_ClockDivSet              0x274d    0xd8  Code  Gb  em_cmu.o [27]
CMU_ClockEnable              0x201d    0x64  Code  Wk  em_cmu.o [27]
CMU_ClockFreqGet             0x2825   0x15c  Code  Gb  em_cmu.o [27]
CMU_ClockSelectGet           0x2981    0xf8  Code  Gb  em_cmu.o [27]
CMU_ClockSelectSet           0x2b01   0x356  Code  Gb  em_cmu.o [27]
CMU_HFRCODPLLBandSet         0x2e65    0xf4  Code  Gb  em_cmu.o [27]
CMU_IRQHandler               0xc529     0x2  Code  Wk  startup_efm32pg22.o [3]
CMU_LFRCOSetPrecision        0x2f99    0x6a  Code  Gb  em_cmu.o [27]
CMU_UpdateWaitStates         0x3029     0xa  Code  Gb  em_cmu.o [27]
CORE_EnterAtomic             0x4025     0xc  Code  Wk  sl_core_cortexm.o [22]
CORE_EnterCritical           0x3a67     0x8  Code  Wk  sl_core_cortexm.o [22]
CORE_ExitAtomic              0x4031     0xa  Code  Wk  sl_core_cortexm.o [22]
CORE_ExitCritical            0x3a6f     0xa  Code  Wk  sl_core_cortexm.o [22]
[...]
sl_sleeptimer_restart_timer
                             0xcbb9    0x38  Code  Gb  sl_sleeptimer.o [10]
sl_sleeptimer_stop_timer
                             0x7c35    0x54  Code  Gb  sl_sleeptimer.o [10]
sl_sleeptimer_tick_to_ms
                             0xac61    0x48  Code  Gb  sl_sleeptimer.o [10]
sl_slist_init                0x4121     0x6  Code  Gb  sl_slist.o [22]
sl_slist_pop                 0x4163    0x1a  Code  Gb  sl_slist.o [22]
sl_slist_push                0x4127    0x1a  Code  Gb  sl_slist.o [22]
sl_slist_push_back           0x4141    0x22  Code  Gb  sl_slist.o [22]
sl_slist_remove              0x4189    0x28  Code  Gb  sl_slist.o [22]
sl_spidrv_init_instances
                             0xc4b9    0x12  Code  Gb  sl_spidrv_init.o [4]
sl_spidrv_init_tpl0501  0x2000'1120    0x20  Data  Gb  sl_spidrv_init.o [4]
sl_spidrv_set_default        0xc4cb     0xe  Code  Gb  sl_spidrv_init.o [4]
sl_spidrv_tpl0501_handle
                        0x2000'111c     0x4  Data  Gb  sl_spidrv_init.o [4]
sl_spidrv_tpl0501_handle_data
                        0x2000'2428    0xac  Data  Gb  sl_spidrv_init.o [4]
sl_stack                0x2000'0000  0x1000  Data  Gb  sl_memory_manager_region.o [23]
sl_stack_init                0xc7c9     0x2  Code  Gb  sl_event_handler.o [4]
sl_udelay_wait               0xa83d    0x50  Code  Gb  sl_udelay.o [13]
sleep_on_isr_exit            0xb89d    0x5e  Code  Lc  sl_iostream_uart.o [16]
sleep_on_isr_exit       0x2000'2412     0x1  Data  Lc  sl_sleeptimer.o [10]
sleeptimer_frequency    0x2000'23e0     0x4  Data  Lc  sl_power_manager.o [9]
sleeptimer_hal_disable_int
                             0x8781    0x34  Code  Gb  sl_sleeptimer_hal_rtcc.o [10]
sleeptimer_hal_enable_int
                             0x7ed9    0x1c  Code  Gb  sl_sleeptimer_hal_rtcc.o [10]
sleeptimer_hal_get_compare
                             0x9265     0xc  Code  Gb  sl_sleeptimer_hal_rtcc.o [10]
sleeptimer_hal_get_counter
                             0x40f1    0x10  Code  Gb  sl_sleeptimer_hal_rtcc.o [10]
sleeptimer_hal_get_timer_frequency
                             0x7ef5    0x20  Code  Gb  sl_sleeptimer_hal_rtcc.o [10]
sleeptimer_hal_init_timer
                             0x7e11    0x6e  Code  Gb  sl_sleeptimer_hal_rtcc.o [10]
sleeptimer_hal_presc_to_log2
                             0x7dcd    0x44  Code  Lc  sl_sleeptimer_hal_rtcc.o [10]
sleeptimer_hal_set_compare
                             0x8f31    0x68  Code  Gb  sl_sleeptimer_hal_rtcc.o [10]
sleeptimer_hal_set_int       0x8f99    0x10  Code  Gb  sl_sleeptimer_hal_rtcc.o [10]
sli_allocate_permanent_memory
                             0xc7df    0x1a  Code  Gb  sl_main_init_memory.o [29]
sli_block_len_dword_decode
                             0x8d21     0x4  Code  Wk  sl_memory_manager.o [23]
sli_block_len_dword_encode
                             0x8d25     0x4  Code  Wk  sl_memory_manager.o [23]
sli_block_offset_next_dword_decode
                             0x8d2d     0x4  Code  Wk  sl_memory_manager.o [23]
sli_block_offset_next_dword_encode
                             0x8d31     0x4  Code  Wk  sl_memory_manager.o [23]
sli_block_offset_prev_dword_decode
                             0x8d35     0x4  Code  Wk  sl_memory_manager.o [23]
sli_block_offset_prev_dword_encode
                             0x8d29     0x4  Code  Wk  sl_memory_manager.o [23]
sli_clock_manager_hal_enable_bus_clock
                             0x4101    0x20  Code  Gb  sl_clock_manager_hal_s2.o [21]
sli_clock_manager_hal_get_clock_branch_frequency
                             0x9101    0xc2  Code  Gb  sl_clock_manager_hal_s2.o [21]
sli_clock_manager_hal_init
                             0xad41    0xe4  Code  Gb  sl_clock_manager_init_hal_s2.o [21]
sli_clock_manager_hal_runtime_init
                             0x4359     0x4  Code  Gb  sl_clock_manager_hal_s2.o [21]
sli_delay_loop                0x141          Code  Gb  sl_udelay_armv6m_iar.o [13]
sli_dma_channel_process_completed
                             0x7ca5    0x90  Code  Gb  sl_dma_channel.o [28]
sli_dma_channel_submit_transfer_list
                             0x772d   0x32a  Code  Lc  sl_dma_channel.o [28]
sli_dma_manager_hal_clear_pending_errors
                             0x9291    0x10  Code  Gb  sl_dma_manager_hal_ldma.o [18]
sli_dma_manager_hal_get_dma_peripheral
                             0x7f51     0x4  Code  Gb  sl_dma_manager_hal_ldma.o [18]
sli_dma_manager_hal_get_pending_errors
                             0x9285     0xc  Code  Gb  sl_dma_manager_hal_ldma.o [18]
sli_dma_manager_hal_init
                             0x7f15    0x3c  Code  Gb  sl_dma_manager_hal_ldma.o [18]
sli_dma_manager_hal_set_pending_errors
                             0x8fd9     0xc  Code  Gb  sl_dma_manager_hal_ldma.o [18]
sli_dma_manager_interrupt_handler
                             0x8a95    0x5c  Code  Gb  sl_dma_manager.o [18]
sli_dma_manager_pending_errors
                        0x2000'1edc    0x20  Data  Lc  sl_dma_manager_hal_ldma.o [18]
sli_dma_manager_set_pending_errors
                             0x87c7     0x4  Code  Gb  sl_dma_manager.o [18]
sli_driver_permanent_allocation
                             0xc789     0x2  Code  Gb  sl_event_handler.o [4]
sli_em_cmu_SYSCLKInitPostClockSelect
                             0x2a9d    0x34  Code  Gb  em_cmu.o [27]
sli_em_cmu_SYSCLKInitPreClockSelect
                             0x2a79    0x24  Code  Gb  em_cmu.o [27]
sli_em_cmu_SYSTICEXTCLKENClear
                             0x2ad9    0x28  Code  Gb  em_cmu.o [27]
sli_general_purpose_heap
                        0x2000'10a0    0x28  Data  Gb  sl_memory_manager.o [23]
sli_i2c_follower_dispatch_interrupt
                             0xa1d9   0x124  Code  Gb  sl_i2c.o [11]
sli_i2c_init_core            0xa011    0xa0  Code  Gb  sl_i2c.o [11]
sli_i2c_leader_dispatch_interrupt
                             0xa0c1   0x118  Code  Gb  sl_i2c.o [11]
sli_i2c_leader_write_no_stop_blocking
                             0xa315   0x1aa  Code  Gb  sl_i2c.o [11]
sli_internal_app_process_action
                             0xc7d3     0x2  Code  Gb  sl_event_handler.o [4]
sli_internal_init_early
                             0xc7a3     0x2  Code  Gb  sl_event_handler.o [4]
sli_internal_permanent_allocation
                             0xc78f     0x2  Code  Gb  sl_event_handler.o [4]
sli_iostream_default    0x2000'2138     0x4  Data  Lc  sl_iostream.o [16]
sli_iostream_dmadrv_allocate_channel
                             0xafd1    0x40  Code  Gb  sl_iostream_dmadrv.o [16]
sli_iostream_dmadrv_deinit
                             0xb011    0x28  Code  Gb  sl_iostream_dmadrv.o [16]
sli_iostream_dmadrv_free_channel
                             0xb039    0x2c  Code  Gb  sl_iostream_dmadrv.o [16]
sli_iostream_dmadrv_init
                             0xb06d    0x5e  Code  Gb  sl_iostream_dmadrv.o [16]
sli_iostream_dmadrv_ldma_start_transfer
                             0xb0cb    0x62  Code  Gb  sl_iostream_dmadrv.o [16]
sli_iostream_dmadrv_pause_transfer
                             0xb219    0x2a  Code  Gb  sl_iostream_dmadrv.o [16]
sli_iostream_dmadrv_peripheral_memory
                             0xb12d    0xec  Code  Gb  sl_iostream_dmadrv.o [16]
sli_iostream_dmadrv_resume_transfer
                             0xb243    0x2a  Code  Gb  sl_iostream_dmadrv.o [16]
sli_iostream_dmadrv_stop_transfer
                             0xc275    0x3c  Code  Gb  sl_iostream_dmadrv.o [16]
sli_iostream_dmadrv_transfer_done
                             0xc2cd    0x40  Code  Gb  sl_iostream_dmadrv.o [16]
sli_iostream_dmadrv_transfer_remaining_count
                             0xc30d    0x40  Code  Gb  sl_iostream_dmadrv.o [16]
sli_iostream_uart_context_init
                             0xb669   0x19e  Code  Gb  sl_iostream_uart.o [16]
sli_iostream_uart_unsubscribe_to_new_data
                             0xb807    0x1c  Code  Gb  sl_iostream_uart.o [16]
sli_memory_create_heap       0x8cb5    0x60  Code  Gb  sli_memory_manager_common.o [23]
sli_memory_find_free_block
                             0x8b1f    0xdc  Code  Gb  sli_memory_manager_common.o [23]
sli_memory_find_head_free_block
                             0x8bfb    0x5a  Code  Gb  sli_memory_manager_common.o [23]
sli_memory_get_heap_handle
                             0x9225    0x20  Code  Gb  sli_memory_manager_common.o [23]
sli_memory_heap_region  0x2000'23c8     0x8  Data  Lc  sl_memory_manager_region.o [23]
sli_memory_initialize_heap_region
                             0x8aff     0xc  Code  Gb  sl_memory_manager_region.o [23]
sli_memory_metadata_init
                             0x8b19     0x6  Code  Gb  sli_memory_manager_common.o [23]
sli_mm_initialized      0x2000'109d     0x1  Data  Gb  sl_memory_manager.o [23]
sli_platform_process_action
                             0xc7cd     0x2  Code  Gb  sl_event_handler.o [4]
sli_power_manager_apply_em
                             0xca25    0x78  Code  Gb  sl_power_manager_hal_s2.o [9]
sli_power_manager_convert_delay_us_to_tick
                             0x3e93    0x12  Code  Gb  sl_power_manager.o [9]
sli_power_manager_em23_voltage_scaling_enable_fast_wakeup
                             0x3b45    0x48  Code  Gb  sl_power_manager_hal_s2.o [9]
sli_power_manager_em_transition_event_list_init
                             0x4077     0x6  Code  Gb  sl_power_manager_common.o [6]
sli_power_manager_get_default_high_frequency_minimum_offtime
                             0x3bdd     0x8  Code  Gb  sl_power_manager_hal_s2.o [9]
sli_power_manager_get_restore_delay
                             0x931d    0x30  Code  Gb  sl_power_manager.o [9]
sli_power_manager_get_wakeup_process_time_overhead
                             0x9351    0x18  Code  Gb  sl_power_manager_hal_s2.o [9]
sli_power_manager_handle_pre_deepsleep_operations
                             0xca19     0xc  Code  Gb  sl_power_manager_hal_s2.o [9]
sli_power_manager_init_em4
                             0x4095    0x12  Code  Gb  sl_power_manager_em4.o [6]
sli_power_manager_init_hardware
                             0x3a7d    0xc6  Code  Gb  sl_power_manager_hal_s2.o [9]
sli_power_manager_initiate_restore
                             0x3e7d    0x16  Code  Gb  sl_power_manager.o [9]
sli_power_manager_is_high_freq_accuracy_clk_ready
                             0x4231     0x4  Code  Gb  sl_power_manager_hal_s2.o [9]
sli_power_manager_is_high_freq_accuracy_clk_used
                             0xcbad     0xc  Code  Gb  sl_power_manager_hal_s2.o [9]
sli_power_manager_notify_em_transition
                             0x4289    0x78  Code  Gb  sl_power_manager_common.o [6]
sli_power_manager_restore_high_freq_accuracy_clk
                             0x41b1    0x80  Code  Gb  sl_power_manager_hal_s2.o [9]
sli_power_manager_restore_states
                             0x4235    0x54  Code  Gb  sl_power_manager_hal_s2.o [9]
sli_power_manager_save_oscillators_usage
                             0x3dbd    0x74  Code  Gb  sl_power_manager_hal_s2.o [9]
sli_power_manager_save_states
                             0xc9f9    0x20  Code  Gb  sl_power_manager_hal_s2.o [9]
sli_power_manager_update_em_requirement
                             0x7d35    0x98  Code  Gb  sl_power_manager.o [9]
sli_service_permanent_allocation
                             0xc78b     0x2  Code  Gb  sl_event_handler.o [4]
sli_service_process_action
                             0xc7cf     0x2  Code  Gb  sl_event_handler.o [4]
sli_sleeptimer_hal_is_int_status_set
                             0x3fc1    0x24  Code  Gb  sl_sleeptimer_hal_rtcc.o [10]
sli_sleeptimer_is_power_manager_timer_next_to_expire
                             0x3fe5    0x24  Code  Gb  sl_sleeptimer.o [10]
sli_sleeptimer_set_pm_em_requirement
                             0x4085     0x2  Code  Gb  sl_sleeptimer_hal_rtcc.o [10]
sli_spidrv_default_handle
                        0x2000'24d4     0x4  Data  Lc  sl_spidrv_init.o [4]
sli_stack_permanent_allocation
                             0xc78d     0x2  Code  Gb  sl_event_handler.o [4]
sli_stack_process_action
                             0xc7d1     0x2  Code  Gb  sl_event_handler.o [4]
sli_uart_txc                 0xb953    0x38  Code  Gb  sl_iostream_uart.o [16]
sli_update_free_list_heads
                             0x8c61    0x54  Code  Gb  sli_memory_manager_common.o [23]
spidrvIsInitialized     0x2000'254d     0x1  Data  Lc  spidrv.o [20]
stop_active_dma_transfers
                             0xa781    0x34  Code  Lc  sl_i2c.o [11]
storage$$Base              0x7'4000           --   Gb  - Linker created -
storage$$Limit             0x7'4000           --   Gb  - Linker created -
sysTickClkGet                0x3445    0x34  Code  Lc  em_cmu.o [27]
sysclk_prescalers_value
                        0x2000'10e0     0x4  Data  Lc  sl_power_manager_hal_s2.o [9]
system_uptime_100ms     0x2000'2540     0x4  Data  Gb  timer.o [1]
tasks                        0xcb1d    0x30  Code  Gb  tasks.o [1]
tasks::task_100ms_cnt   0x2000'24d8     0x4  Data  Lc  tasks.o [1]
temp_way                0x2000'1000     0x1  Data  Gb  env.o [1]
tempdrvHighCallbacks    0x2000'24e0    0x28  Data  Lc  tempdrv.o [25]
tempdrvLowCallbacks     0x2000'2508    0x28  Data  Lc  tempdrv.o [25]
temperature             0x2000'1004     0x4  Data  Gb  env.o [1]
text_application_ram$$Base
                        0x2000'2550           --   Gb  - Linker created -
text_application_ram$$Limit
                        0x2000'2714           --   Gb  - Linker created -
text_application_ram_init$$Base
                             0xcf98           --   Gb  - Linker created -
text_application_ram_init$$Limit
                             0xd15c           --   Gb  - Linker created -
text_ram$$Base          0x2000'2550           --   Gb  - Linker created -
text_ram$$Length              0x1c4           --   Gb  - Linker created -
text_ram$$Limit         0x2000'2714           --   Gb  - Linker created -
text_ram_init$$Base          0xcf98           --   Gb  - Linker created -
text_ram_init$$Limit         0xd15c           --   Gb  - Linker created -
thrHard                      0x478d    0x34  Code  Lc  nvm3.o [19]
thrSize                      0x47e5     0xa  Code  Lc  nvm3.o [19]
thrSoftUser                  0x47c1    0x24  Code  Lc  nvm3.o [19]
timer_frequency         0x2000'2418     0x4  Data  Lc  sl_sleeptimer.o [10]
timer_head              0x2000'241c     0x4  Data  Lc  sl_sleeptimer.o [10]
tmp1075_get_temperature
                             0x9b35    0x6c  Code  Gb  tmp1075.o [1]
tpl0501_set_wiper            0x632d    0x20  Code  Gb  tpl0501.o [1]
uart_action                  0xc8b1    0x28  Code  Gb  uart.o [1]
uart_deinit                  0xb995    0xa2  Code  Lc  sl_iostream_uart.o [16]
uart_periph_inst0       0x2000'1078    0x14  Data  Lc  sl_iostream_init_eusart_instances.o [4]
uart_read                    0xbc95   0x29e  Code  Lc  sl_iostream_uart.o [16]
uart_write                   0xba3d   0x146  Code  Lc  sl_iostream_uart.o [16]
uart_write_async             0xbc4d    0x48  Code  Lc  sl_iostream_uart.o [16]
updateInterrupts             0x9a25    0x9a  Code  Lc  tempdrv.o [25]
update_delta_list            0x86d5    0x34  Code  Lc  sl_sleeptimer.o [10]
update_em1_requirement       0xc8f1    0x70  Code  Lc  sl_power_manager.o [9]
update_next_timer_to_expire_is_power_manager
                             0x8fa9    0x30  Code  Lc  sl_sleeptimer.o [10]
update_temperature           0x999d    0x28  Code  Gb  env.o [1]
vScaleEM01Config        0x2000'2549     0x1  Data  Lc  em_emu.o [27]
validateObj                  0x52a5    0x26  Code  Lc  nvm3.o [19]
validateObjFragments         0x5051   0x254  Code  Lc  nvm3.o [19]
verify_crc16modbus           0x4735    0x2a  Code  Gb  crc.o [1]
waitStateMax                 0x33e3     0xe  Code  Lc  em_cmu.o [27]
waiting_clock_restore_from_em
                        0x2000'23d5     0x1  Data  Lc  sl_power_manager.o [9]
wakeup_time_config_overhead_tick
                        0x2000'23e8     0x4  Data  Gb  sl_power_manager.o [9]
wdog0ClkGet                  0x33f1    0x54  Code  Lc  em_cmu.o [27]
workBegin                    0x5d47    0x16  Code  Lc  nvm3.o [19]
workEnd                      0x5d5d    0x14  Code  Lc  nvm3.o [19]
writeBurst              0x2000'25bf    0x50  Code  Gb  em_msc.o [27]
writeFullAllowed             0x47ef    0x18  Code  Lc  nvm3.o [19]
writeHardAllowed             0x4807     0xa  Code  Lc  nvm3.o [19]
yield_critical_with_primask
                             0xca9d     0xe  Code  Lc  sl_power_manager.o [9]


[1] = C:\Users\JunyiHuang\SimplicityStudio\v6_workspace\btsensor\ewarm-iar\obj
[2] = C:\Users\JunyiHuang\SimplicityStudio\v6_workspace\btsensor\ewarm-iar\obj\Simplicity Configurator_13668623889914588608.dir
[3] = C:\Users\JunyiHuang\SimplicityStudio\v6_workspace\btsensor\ewarm-iar\obj\Source_1284957418446755893.dir
[4] = C:\Users\JunyiHuang\SimplicityStudio\v6_workspace\btsensor\ewarm-iar\obj\autogen_4637248165280573407.dir
[5] = C:\Users\JunyiHuang\SimplicityStudio\v6_workspace\btsensor\ewarm-iar\obj\clocks_17057976963479099201.dir
[6] = C:\Users\JunyiHuang\SimplicityStudio\v6_workspace\btsensor\ewarm-iar\obj\common_8772316303540072548.dir
[7] = C:\Users\JunyiHuang\SimplicityStudio\v6_workspace\btsensor\ewarm-iar\obj\devices_15697687129864739245.dir
[8] = C:\Users\JunyiHuang\SimplicityStudio\v6_workspace\btsensor\ewarm-iar\obj\dma_12775181457253049652.dir
[9] = C:\Users\JunyiHuang\SimplicityStudio\v6_workspace\btsensor\ewarm-iar\obj\sleep_loop_17362038477303012698.dir
[10] = C:\Users\JunyiHuang\SimplicityStudio\v6_workspace\btsensor\ewarm-iar\obj\src_11444351278465186780.dir
[11] = C:\Users\JunyiHuang\SimplicityStudio\v6_workspace\btsensor\ewarm-iar\obj\src_11924027806930328454.dir
[12] = C:\Users\JunyiHuang\SimplicityStudio\v6_workspace\btsensor\ewarm-iar\obj\src_12080466581921778986.dir
[13] = C:\Users\JunyiHuang\SimplicityStudio\v6_workspace\btsensor\ewarm-iar\obj\src_12471876197766715931.dir
[14] = C:\Users\JunyiHuang\SimplicityStudio\v6_workspace\btsensor\ewarm-iar\obj\src_12476918676681711256.dir
[15] = C:\Users\JunyiHuang\SimplicityStudio\v6_workspace\btsensor\ewarm-iar\obj\src_12704921767143345752.dir
[16] = C:\Users\JunyiHuang\SimplicityStudio\v6_workspace\btsensor\ewarm-iar\obj\src_1300024928006847153.dir
[17] = C:\Users\JunyiHuang\SimplicityStudio\v6_workspace\btsensor\ewarm-iar\obj\src_14190545362676408484.dir
[18] = C:\Users\JunyiHuang\SimplicityStudio\v6_workspace\btsensor\ewarm-iar\obj\src_1442740067370495051.dir
[19] = C:\Users\JunyiHuang\SimplicityStudio\v6_workspace\btsensor\ewarm-iar\obj\src_16550513276957216125.dir
[20] = C:\Users\JunyiHuang\SimplicityStudio\v6_workspace\btsensor\ewarm-iar\obj\src_285091580903799999.dir
[21] = C:\Users\JunyiHuang\SimplicityStudio\v6_workspace\btsensor\ewarm-iar\obj\src_3271511436674296820.dir
[22] = C:\Users\JunyiHuang\SimplicityStudio\v6_workspace\btsensor\ewarm-iar\obj\src_3610921774255391873.dir
[23] = C:\Users\JunyiHuang\SimplicityStudio\v6_workspace\btsensor\ewarm-iar\obj\src_3805666523351537575.dir
[24] = C:\Users\JunyiHuang\SimplicityStudio\v6_workspace\btsensor\ewarm-iar\obj\src_4092573262637242981.dir
[25] = C:\Users\JunyiHuang\SimplicityStudio\v6_workspace\btsensor\ewarm-iar\obj\src_6603155134503530573.dir
[26] = C:\Users\JunyiHuang\SimplicityStudio\v6_workspace\btsensor\ewarm-iar\obj\src_723537623940537296.dir
[27] = C:\Users\JunyiHuang\SimplicityStudio\v6_workspace\btsensor\ewarm-iar\obj\src_8825142927511774639.dir
[28] = C:\Users\JunyiHuang\SimplicityStudio\v6_workspace\btsensor\ewarm-iar\obj\src_9365526667153887636.dir
[29] = C:\Users\JunyiHuang\SimplicityStudio\v6_workspace\btsensor\ewarm-iar\obj\src_943981968147738043.dir
[30] = dl7M_tln.a
[31] = m7M_tls.a
[32] = rt7M_tl.a

  45'177 bytes of readonly  code memory
     452 bytes of readwrite code memory
   8'413 bytes of readonly  data memory
  73'276 bytes of readwrite data memory

Errors: none
Warnings: none
