###############################################################################
#
# IAR ANSI C/C++ Compiler V9.70.4.588/W64 for ARM         23/Jun/2026  17:07:44
# Copyright 1999-2026 IAR Systems AB.
#
#    Cpu mode          =  thumb
#    Endian            =  little
#    Source file       =
#        C:\Users\JunyiHuang\SimplicityStudio\v6_workspace\btsensor\tmp1075.c
#    Command line      =
#        -f
#        C:\Users\JunyiHuang\SimplicityStudio\v6_workspace\btsensor\ewarm-iar\obj\tmp1075.o.rsp
#        (C:\Users\JunyiHuang\SimplicityStudio\v6_workspace\btsensor\tmp1075.c
#        -D DEBUG_EFM=1 -D EFM32PG22C200F512IM32=1 -D
#        SL_CODE_COMPONENT_SYSTEM=system -D
#        SL_CODE_COMPONENT_CLOCK_MANAGER=clock_manager -D
#        SL_COMPONENT_CATALOG_PRESENT=1 -D
#        SL_CODE_COMPONENT_DEVICE_PERIPHERAL=device_peripheral -D
#        SL_CODE_COMPONENT_DMADRV=dmadrv -D SL_CODE_COMPONENT_GPIO=gpio -D
#        SL_CODE_COMPONENT_HAL_COMMON=hal_common -D
#        SL_CODE_COMPONENT_HAL_GPIO=hal_gpio -D
#        SL_CODE_COMPONENT_INTERRUPT_MANAGER=interrupt_manager -D
#        CMSIS_NVIC_VIRTUAL=1 -D
#        "CMSIS_NVIC_VIRTUAL_HEADER_FILE=\"cmsis_nvic_virtual.h\"" -D
#        SL_CODE_COMPONENT_MEMORY_MANAGER=memory_manager -D
#        SL_CODE_COMPONENT_POWER_MANAGER=power_manager -D
#        SL_CODE_COMPONENT_CORE=core -D SL_CODE_COMPONENT_SLEEPTIMER=sleeptimer
#        -D SL_CODE_COMPONENT_UARTDRV=uartdrv -lC
#        C:\Users\JunyiHuang\SimplicityStudio\v6_workspace\btsensor\ewarm-iar\lst\
#        --diag_suppress Pa050 -o
#        C:\Users\JunyiHuang\SimplicityStudio\v6_workspace\btsensor\ewarm-iar\obj\
#        --debug --endian=little --cpu=Cortex-M33 --cmse --cmse --fpu=VFPv5_sp
#        --dlib_config C:\iar\ewarm-9.70.4\arm\inc\c\DLib_Config_Normal.h -I
#        C:\Users\JunyiHuang\SimplicityStudio\v6_workspace\btsensor\ -I
#        C:\Users\JunyiHuang\SimplicityStudio\v6_workspace\btsensor\config\ -I
#        C:\Users\JunyiHuang\SimplicityStudio\v6_workspace\btsensor\autogen\ -I
#        C:\Users\JunyiHuang\SimplicityStudio\v6_workspace\btsensor\.\ -I
#        C:\Users\JunyiHuang\SimplicityStudio\v6_workspace\btsensor\simplicity_sdk_2025.12.3\devices\platform\Device\SiliconLabs\EFM32PG22\Include\
#        -I
#        C:\Users\JunyiHuang\SimplicityStudio\v6_workspace\btsensor\simplicity_sdk_2025.12.3\platform_common\platform\common\inc\
#        -I
#        C:\Users\JunyiHuang\SimplicityStudio\v6_workspace\btsensor\simplicity_sdk_2025.12.3\platform_core\platform\service\clock_manager\inc\
#        -I
#        C:\Users\JunyiHuang\SimplicityStudio\v6_workspace\btsensor\simplicity_sdk_2025.12.3\platform_core\platform\service\clock_manager\src\
#        -I
#        C:\Users\JunyiHuang\SimplicityStudio\v6_workspace\btsensor\simplicity_sdk_2025.12.3\cmsis\Core\Include\
#        -I
#        C:\Users\JunyiHuang\SimplicityStudio\v6_workspace\btsensor\simplicity_sdk_2025.12.3\platform_core\platform\service\device_manager\inc\
#        -I
#        C:\Users\JunyiHuang\SimplicityStudio\v6_workspace\btsensor\simplicity_sdk_2025.12.3\platform_core\platform\service\device_init\inc\
#        -I
#        C:\Users\JunyiHuang\SimplicityStudio\v6_workspace\btsensor\simplicity_sdk_2025.12.3\platform_core\platform\emdrv\dmadrv\inc\
#        -I
#        C:\Users\JunyiHuang\SimplicityStudio\v6_workspace\btsensor\simplicity_sdk_2025.12.3\platform_core\platform\emdrv\dmadrv\inc\s2_signals\
#        -I
#        C:\Users\JunyiHuang\SimplicityStudio\v6_workspace\btsensor\simplicity_sdk_2025.12.3\platform_core\platform\emdrv\common\inc\
#        -I
#        C:\Users\JunyiHuang\SimplicityStudio\v6_workspace\btsensor\simplicity_sdk_2025.12.3\platform_core\platform\emlib\inc\
#        -I
#        C:\Users\JunyiHuang\SimplicityStudio\v6_workspace\btsensor\simplicity_sdk_2025.12.3\platform_core\platform\common\errno_error_codes\inc\
#        -I
#        C:\Users\JunyiHuang\SimplicityStudio\v6_workspace\btsensor\simplicity_sdk_2025.12.3\platform_core\platform\driver\gpio\inc\
#        -I
#        C:\Users\JunyiHuang\SimplicityStudio\v6_workspace\btsensor\simplicity_sdk_2025.12.3\platform_core\platform\peripheral\inc\
#        -I
#        C:\Users\JunyiHuang\SimplicityStudio\v6_workspace\btsensor\simplicity_sdk_2025.12.3\platform_core\platform\driver\i2c\inc\
#        -I
#        C:\Users\JunyiHuang\SimplicityStudio\v6_workspace\btsensor\simplicity_sdk_2025.12.3\platform_core\platform\driver\i2c\src\
#        -I
#        C:\Users\JunyiHuang\SimplicityStudio\v6_workspace\btsensor\simplicity_sdk_2025.12.3\platform_core\platform\driver\i2cspm\inc\
#        -I
#        C:\Users\JunyiHuang\SimplicityStudio\v6_workspace\btsensor\simplicity_sdk_2025.12.3\platform_core\platform\service\interrupt_manager\inc\
#        -I
#        C:\Users\JunyiHuang\SimplicityStudio\v6_workspace\btsensor\simplicity_sdk_2025.12.3\platform_core\platform\service\interrupt_manager\src\
#        -I
#        C:\Users\JunyiHuang\SimplicityStudio\v6_workspace\btsensor\simplicity_sdk_2025.12.3\platform_core\platform\service\interrupt_manager\inc\arm\
#        -I
#        C:\Users\JunyiHuang\SimplicityStudio\v6_workspace\btsensor\simplicity_sdk_2025.12.3\platform_core\platform\service\memory_manager\inc\
#        -I
#        C:\Users\JunyiHuang\SimplicityStudio\v6_workspace\btsensor\simplicity_sdk_2025.12.3\platform_core\platform\service\memory_manager\src\
#        -I
#        C:\Users\JunyiHuang\SimplicityStudio\v6_workspace\btsensor\simplicity_sdk_2025.12.3\platform_core\platform\emdrv\nvm3\inc\
#        -I
#        C:\Users\JunyiHuang\SimplicityStudio\v6_workspace\btsensor\simplicity_sdk_2025.12.3\platform_core\platform\emdrv\nvm3\config\
#        -I
#        C:\Users\JunyiHuang\SimplicityStudio\v6_workspace\btsensor\simplicity_sdk_2025.12.3\platform_core\platform\service\power_manager\inc\
#        -I
#        C:\Users\JunyiHuang\SimplicityStudio\v6_workspace\btsensor\simplicity_sdk_2025.12.3\platform_core\platform\service\power_manager\src\common\
#        -I
#        C:\Users\JunyiHuang\SimplicityStudio\v6_workspace\btsensor\simplicity_sdk_2025.12.3\platform_core\platform\service\power_manager\src\sleep_loop\
#        -I
#        C:\Users\JunyiHuang\SimplicityStudio\v6_workspace\btsensor\simplicity_sdk_2025.12.3\platform_core\platform\common\inc\
#        -I
#        C:\Users\JunyiHuang\SimplicityStudio\v6_workspace\btsensor\simplicity_sdk_2025.12.3\platform_core\platform\service\sl_main\inc\
#        -I
#        C:\Users\JunyiHuang\SimplicityStudio\v6_workspace\btsensor\simplicity_sdk_2025.12.3\platform_core\platform\service\sl_main\src\
#        -I
#        C:\Users\JunyiHuang\SimplicityStudio\v6_workspace\btsensor\simplicity_sdk_2025.12.3\platform_core\platform\service\sleeptimer\inc\
#        -I
#        C:\Users\JunyiHuang\SimplicityStudio\v6_workspace\btsensor\simplicity_sdk_2025.12.3\platform_core\platform\service\sleeptimer\src\
#        -I
#        C:\Users\JunyiHuang\SimplicityStudio\v6_workspace\btsensor\simplicity_sdk_2025.12.3\platform_core\platform\emdrv\tempdrv\inc\
#        -I
#        C:\Users\JunyiHuang\SimplicityStudio\v6_workspace\btsensor\simplicity_sdk_2025.12.3\platform_core\platform\emdrv\uartdrv\inc\
#        -I
#        C:\Users\JunyiHuang\SimplicityStudio\v6_workspace\btsensor\simplicity_sdk_2025.12.3\platform_core\platform\service\udelay\inc\
#        -Ohz --use_c++_inline -e) --diagnostics_format=sarif_stdout
#        --dependencies=n
#        C:\Users\JunyiHuang\SimplicityStudio\v6_workspace\btsensor\ewarm-iar\obj\tmp1075.o.iar_deps
#        --dynamic_output
#        C:\Users\JunyiHuang\SimplicityStudio\v6_workspace\btsensor\ewarm-iar\obj\tmp1075.o.iar_dynout
#    Locale            =  C
#    List file         =
#        C:\Users\JunyiHuang\SimplicityStudio\v6_workspace\btsensor\ewarm-iar\lst\tmp1075.lst
#    Object file       =
#        C:\Users\JunyiHuang\SimplicityStudio\v6_workspace\btsensor\ewarm-iar\obj\tmp1075.o
#    Runtime model:       
#      __CPP_Runtime   =  1
#      __SystemLibrary =  DLib
#      __dlib_version  =  6
#
###############################################################################

C:\Users\JunyiHuang\SimplicityStudio\v6_workspace\btsensor\tmp1075.c
      1          #include "sl_i2cspm.h"
      2          #include "sl_i2cspm_instances.h" // 必须包含此头文件以获取 sl_i2cspm_tmp1075 句柄
      3          #include "sl_status.h"
      4          
      5          // TMP1075 默认 7 位 I2C 从机地址 (根据硬件 A0, A1, A2 引脚接法确定，全接地时为 0x48)
      6          #define TMP1075_I2C_ADDRESS 0x48
      7          
      8          // TMP1075 内部寄存器指针定义
      9          #define TMP1075_REG_TEMP 0x00 // 温度结果寄存器
     10          
     11          /**
     12           * @brief 从 TMP1075 传感器获取当前摄氏温度值
     13           * @return float 返回当前温度值（摄氏度）；若 I2C 通信失败则返回 -999.0f
     14           */

   \                                 In section .text, align 4, keep-with-next
     15          float tmp1075_get_temperature(void)
     16          {
   \                     tmp1075_get_temperature: (+1)
   \        0x0   0xB580             PUSH     {R7,LR}
     17              uint8_t reg_pointer = TMP1075_REG_TEMP;
     18              uint8_t read_buffer[2] = {0, 0};
     19          
     20              I2C_TransferSeq_TypeDef seq;
     21              I2C_TransferReturn_TypeDef ret;
     22          
     23              // 1. 配置 I2C 传输序列（7位地址 0x48 左移 1 位得到 8 位写地址 0x90）
     24              seq.addr = TMP1075_I2C_ADDRESS << 1;
   \        0x2   0x2290             MOVS     R2,#+144
   \        0x4   0xB086             SUB      SP,SP,#+24
   \        0x6   0x2000             MOVS     R0,#+0
   \        0x8   0xF8AD 0x2004      STRH     R2,[SP, #+4]
   \        0xC   0xF88D 0x0002      STRB     R0,[SP, #+2]
   \       0x10   0xF8AD 0x0000      STRH     R0,[SP, #+0]
     25              seq.flags = I2C_FLAG_WRITE_READ;
     26          
     27              // 写阶段：指定寄存器指针
     28              seq.buf[0].data = &reg_pointer;
   \       0x14   0xF10D 0x0202      ADD      R2,SP,#+2
   \       0x18   0x2104             MOVS     R1,#+4
   \       0x1A   0x9202             STR      R2,[SP, #+8]
     29              seq.buf[0].len = 1;
     30          
     31              // 读阶段：接收 2 字节原始数据
     32              seq.buf[1].data = read_buffer;
     33              seq.buf[1].len = 2;
   \       0x1C   0x2002             MOVS     R0,#+2
   \       0x1E   0xF8AD 0x1006      STRH     R1,[SP, #+6]
   \       0x22   0xF8AD 0x0014      STRH     R0,[SP, #+20]
     34          
     35              // 2. 执行阻塞式 I2C 传输
     36              ret = I2CSPM_Transfer(sl_i2cspm_tmp1075, &seq);
     37          
     38              if (ret != i2cTransferDone)
   \       0x26   0x4A10             LDR.N    R2,??tmp1075_get_temperature_0+4
   \       0x28   0x2101             MOVS     R1,#+1
   \       0x2A   0x6810             LDR      R0,[R2, #+0]
   \       0x2C   0xF8AD 0x100C      STRH     R1,[SP, #+12]
   \       0x30   0xF8CD 0xD010      STR      SP,[SP, #+16]
   \       0x34   0xA901             ADD      R1,SP,#+4
   \       0x36   0x.... 0x....      BL       I2CSPM_Transfer
   \       0x3A   0xB110             CBZ.N    R0,??tmp1075_get_temperature_1
     39              {
     40                  // 如果通信失败，返回一个超出芯片量程的异常值作为错误标识
     41                  return -999.0f;
   \       0x3C   0xED9F 0x0A09      VLDR.W   S0,??tmp1075_get_temperature_0
   \       0x40   0xE00D             B.N      ??tmp1075_get_temperature_2
     42              }
     43          
     44              // 3. 数据解析与转换（大端序转为有符号 16 位整数）
     45              volatile int16_t raw_data = (int16_t)((read_buffer[0] << 8) | read_buffer[1]);
   \                     ??tmp1075_get_temperature_1: (+1)
   \       0x42   0xF89D 0x1000      LDRB     R1,[SP, #+0]
   \       0x46   0xF89D 0x0001      LDRB     R0,[SP, #+1]
   \       0x4A   0xEA40 0x2001      ORR      R0,R0,R1, LSL #+8
   \       0x4E   0xF8AD 0x0000      STRH     R0,[SP, #+0]
     46              
     47              // 直接返回浮点计算后的温度值
     48              return (float)raw_data / 256.0f;
   \       0x52   0xF9BD 0x1000      LDRSH    R1,[SP, #+0]
   \       0x56   0xEE00 0x1A10      VMOV     S0,R1
   \       0x5A   0xEEBA 0x0A44      VCVT.F32.S16 S0,S0,#+8
   \                     ??tmp1075_get_temperature_2: (+1)
   \       0x5E   0xB007             ADD      SP,SP,#+28
   \       0x60   0xBD00             POP      {PC}
   \       0x62   0xBF00             Nop
   \                     ??tmp1075_get_temperature_0:
   \       0x64   0xC479'C000        DC32     0xc479c000
   \       0x68   0x....'....        DC32     sl_i2cspm_tmp1075
     49          }

   Maximum stack usage in bytes:

   .cstack Function
   ------- --------
      32   tmp1075_get_temperature
        32   -> I2CSPM_Transfer


   Section sizes:

   Bytes  Function/Label
   -----  --------------
     108  tmp1075_get_temperature

 
 108 bytes in section .text
 
 108 bytes of CODE memory

Errors: none
Warnings: none
